Component: ARM Compiler 5.05 update 2 (build 169) Tool: armlink [4d0f33]

==============================================================================

Section Cross References

    startup_stm32f10x_cl.o(STACK) refers (Special) to heapauxi.o(.text) for __use_two_region_memory
    startup_stm32f10x_cl.o(HEAP) refers (Special) to heapauxi.o(.text) for __use_two_region_memory
    startup_stm32f10x_cl.o(RESET) refers (Special) to heapauxi.o(.text) for __use_two_region_memory
    startup_stm32f10x_cl.o(RESET) refers to startup_stm32f10x_cl.o(STACK) for __initial_sp
    startup_stm32f10x_cl.o(RESET) refers to startup_stm32f10x_cl.o(.text) for Reset_Handler
    startup_stm32f10x_cl.o(RESET) refers to eth_stm32x.o(i.ETH_IRQHandler) for ETH_IRQHandler
    startup_stm32f10x_cl.o(.text) refers (Special) to heapauxi.o(.text) for __use_two_region_memory
    startup_stm32f10x_cl.o(.text) refers to system_stm32f10x.o(i.SystemInit) for SystemInit
    startup_stm32f10x_cl.o(.text) refers to __main.o(!!!main) for __main
    startup_stm32f10x_cl.o(.text) refers to startup_stm32f10x_cl.o(HEAP) for Heap_Mem
    startup_stm32f10x_cl.o(.text) refers to startup_stm32f10x_cl.o(STACK) for Stack_Mem
    system_stm32f10x.o(i.SystemCoreClockUpdate) refers to system_stm32f10x.o(.data) for .data
    system_stm32f10x.o(i.SystemInit) refers to system_stm32f10x.o(i.SetSysClockTo72) for SetSysClockTo72
    main.o(i.main) refers to at_system.o(i.init_TcpNet) for init_TcpNet
    main.o(i.main) refers to at_udp.o(i.udp_get_socket) for udp_get_socket
    main.o(i.main) refers to at_udp.o(i.udp_open) for udp_open
    main.o(i.main) refers to at_system.o(i.main_TcpNet) for main_TcpNet
    main.o(i.main) refers to strlen.o(.text) for strlen
    main.o(i.main) refers to at_udp.o(i.udp_get_buf) for udp_get_buf
    main.o(i.main) refers to strcpy.o(.text) for strcpy
    main.o(i.main) refers to at_udp.o(i.udp_send) for udp_send
    main.o(i.main) refers to delay.o(i.delayMs) for delayMs
    main.o(i.main) refers to main.o(i.udp_callback) for udp_callback
    main.o(i.main) refers to main.o(.data) for .data
    eth_stm32x.o(i.ETH_IRQHandler) refers to at_mem.o(i.alloc_mem) for alloc_mem
    eth_stm32x.o(i.ETH_IRQHandler) refers to at_ethernet.o(i.put_in_queue) for put_in_queue
    eth_stm32x.o(i.ETH_IRQHandler) refers to eth_stm32x.o(.data) for .data
    eth_stm32x.o(i.ETH_IRQHandler) refers to eth_stm32x.o(.bss) for .bss
    eth_stm32x.o(i.init_ethernet) refers to eth_stm32x.o(i.write_PHY) for write_PHY
    eth_stm32x.o(i.init_ethernet) refers to eth_stm32x.o(i.read_PHY) for read_PHY
    eth_stm32x.o(i.init_ethernet) refers to eth_stm32x.o(i.rx_descr_init) for rx_descr_init
    eth_stm32x.o(i.init_ethernet) refers to net_config.o(.data) for own_hw_adr
    eth_stm32x.o(i.init_ethernet) refers to eth_stm32x.o(.data) for .data
    eth_stm32x.o(i.init_ethernet) refers to eth_stm32x.o(.bss) for .bss
    eth_stm32x.o(i.rx_descr_init) refers to eth_stm32x.o(.data) for .data
    eth_stm32x.o(i.rx_descr_init) refers to eth_stm32x.o(.bss) for .bss
    eth_stm32x.o(i.send_frame) refers to eth_stm32x.o(.data) for .data
    eth_stm32x.o(i.send_frame) refers to eth_stm32x.o(.bss) for .bss
    net_config.o(i.init_system) refers to at_ethernet.o(i.eth_init_link) for eth_init_link
    net_config.o(i.init_system) refers to at_ip.o(i.ip_init) for ip_init
    net_config.o(i.init_system) refers to at_icmp.o(i.icmp_init) for icmp_init
    net_config.o(i.init_system) refers to at_udp.o(i.udp_init) for udp_init
    net_config.o(i.init_system) refers to at_tcp.o(i.tcp_init) for tcp_init
    net_config.o(i.init_system) refers to at_nbns.o(i.nbns_init) for nbns_init
    net_config.o(i.init_system) refers to at_arp.o(i.arp_notify) for arp_notify
    net_config.o(i.run_system) refers to at_ethernet.o(i.eth_run_link) for eth_run_link
    net_config.o(i.run_system) refers to at_ip.o(i.ip_run_local) for ip_run_local
    net_config.o(i.run_system) refers to at_icmp.o(i.icmp_run_engine) for icmp_run_engine
    net_config.o(i.run_system) refers to at_tcp.o(i.tcp_poll_sockets) for tcp_poll_sockets
    net_config.o(.constdata) refers to net_config.o(.bss) for mem_pool
    net_config.o(.constdata) refers to net_config.o(.data) for lhost_name
    net_config.o(.constdata) refers to net_config.o(.bss) for arp_table
    net_config.o(.constdata) refers to net_config.o(.bss) for udp_scb
    net_config.o(.constdata) refers to net_config.o(.bss) for tcp_scb
    at_arp.o(i.arp_cache_add) refers to at_arp.o(i.arp_is_cacheable) for arp_is_cacheable
    at_arp.o(i.arp_cache_add) refers to at_lib.o(i.mem_comp) for mem_comp
    at_arp.o(i.arp_cache_add) refers to at_lib.o(i.is_subnet) for is_subnet
    at_arp.o(i.arp_cache_add) refers to at_lib.o(i.nrd_u32be) for nrd_u32be
    at_arp.o(i.arp_cache_add) refers to at_arp.o(i.arp_cache_alloc) for arp_cache_alloc
    at_arp.o(i.arp_cache_add) refers to at_lib.o(i.mem_copy) for mem_copy
[...]
    __rtentry2.o(.ARM.exidx) refers to __rtentry2.o(.ARM.Collect$$rtentry$$0000000A) for .ARM.Collect$$rtentry$$0000000A
    __rtentry2.o(.ARM.exidx) refers to __rtentry2.o(.ARM.Collect$$rtentry$$0000000B) for .ARM.Collect$$rtentry$$0000000B
    __rtentry2.o(.ARM.exidx) refers to __rtentry2.o(.ARM.Collect$$rtentry$$0000000D) for .ARM.Collect$$rtentry$$0000000D
    __rtentry4.o(.ARM.Collect$$rtentry$$00000004) refers to sys_stackheap_outer.o(.text) for __user_setup_stackheap
    __rtentry4.o(.ARM.exidx) refers to __rtentry4.o(.ARM.Collect$$rtentry$$00000004) for .ARM.Collect$$rtentry$$00000004
    sys_stackheap_outer.o(.text) refers to libspace.o(.text) for __user_perproc_libspace
    sys_stackheap_outer.o(.text) refers to startup_stm32f10x_cl.o(.text) for __user_initial_stackheap
    exit.o(.text) refers to rtexit.o(.ARM.Collect$$rtexit$$00000000) for __rt_exit
    libinit.o(.ARM.Collect$$libinit$$00000000) refers (Special) to libinit2.o(.ARM.Collect$$libinit$$0000002E) for __rt_lib_init_alloca_1
    libinit.o(.ARM.Collect$$libinit$$00000000) refers (Special) to libinit2.o(.ARM.Collect$$libinit$$0000002C) for __rt_lib_init_argv_1
    libinit.o(.ARM.Collect$$libinit$$00000000) refers (Special) to libinit2.o(.ARM.Collect$$libinit$$0000001B) for __rt_lib_init_atexit_1
    libinit.o(.ARM.Collect$$libinit$$00000000) refers (Special) to libinit2.o(.ARM.Collect$$libinit$$00000021) for __rt_lib_init_clock_1
    libinit.o(.ARM.Collect$$libinit$$00000000) refers (Special) to libinit2.o(.ARM.Collect$$libinit$$00000032) for __rt_lib_init_cpp_1
    libinit.o(.ARM.Collect$$libinit$$00000000) refers (Special) to libinit2.o(.ARM.Collect$$libinit$$00000030) for __rt_lib_init_exceptions_1
    libinit.o(.ARM.Collect$$libinit$$00000000) refers (Special) to libinit2.o(.ARM.Collect$$libinit$$00000002) for __rt_lib_init_fp_1
    libinit.o(.ARM.Collect$$libinit$$00000000) refers (Special) to libinit2.o(.ARM.Collect$$libinit$$0000001F) for __rt_lib_init_fp_trap_1
    libinit.o(.ARM.Collect$$libinit$$00000000) refers (Special) to libinit2.o(.ARM.Collect$$libinit$$00000023) for __rt_lib_init_getenv_1
    libinit.o(.ARM.Collect$$libinit$$00000000) refers (Special) to libinit2.o(.ARM.Collect$$libinit$$0000000A) for __rt_lib_init_heap_1
    libinit.o(.ARM.Collect$$libinit$$00000000) refers (Special) to libinit2.o(.ARM.Collect$$libinit$$00000011) for __rt_lib_init_lc_collate_1
    libinit.o(.ARM.Collect$$libinit$$00000000) refers (Special) to libinit2.o(.ARM.Collect$$libinit$$00000013) for __rt_lib_init_lc_ctype_1
    libinit.o(.ARM.Collect$$libinit$$00000000) refers (Special) to libinit2.o(.ARM.Collect$$libinit$$00000015) for __rt_lib_init_lc_monetary_1
    libinit.o(.ARM.Collect$$libinit$$00000000) refers (Special) to libinit2.o(.ARM.Collect$$libinit$$00000017) for __rt_lib_init_lc_numeric_1
    libinit.o(.ARM.Collect$$libinit$$00000000) refers (Special) to libinit2.o(.ARM.Collect$$libinit$$00000019) for __rt_lib_init_lc_time_1
    libinit.o(.ARM.Collect$$libinit$$00000000) refers (Special) to libinit2.o(.ARM.Collect$$libinit$$00000004) for __rt_lib_init_preinit_1
    libinit.o(.ARM.Collect$$libinit$$00000000) refers (Special) to libinit2.o(.ARM.Collect$$libinit$$0000000E) for __rt_lib_init_rand_1
    libinit.o(.ARM.Collect$$libinit$$00000000) refers (Special) to libinit2.o(.ARM.Collect$$libinit$$00000033) for __rt_lib_init_return
    libinit.o(.ARM.Collect$$libinit$$00000000) refers (Special) to libinit2.o(.ARM.Collect$$libinit$$0000001D) for __rt_lib_init_signal_1
    libinit.o(.ARM.Collect$$libinit$$00000000) refers (Special) to libinit2.o(.ARM.Collect$$libinit$$00000025) for __rt_lib_init_stdio_1
    libinit.o(.ARM.Collect$$libinit$$00000000) refers (Special) to libinit2.o(.ARM.Collect$$libinit$$0000000C) for __rt_lib_init_user_alloc_1
    libspace.o(.text) refers to libspace.o(.bss) for __libspace_start
    rtexit.o(.ARM.Collect$$rtexit$$00000000) refers (Special) to rtexit2.o(.ARM.Collect$$rtexit$$00000004) for __rt_exit_exit
    rtexit.o(.ARM.Collect$$rtexit$$00000000) refers (Special) to rtexit2.o(.ARM.Collect$$rtexit$$00000003) for __rt_exit_ls
    rtexit.o(.ARM.Collect$$rtexit$$00000000) refers (Special) to rtexit2.o(.ARM.Collect$$rtexit$$00000002) for __rt_exit_prels_1
    rtexit.o(.ARM.exidx) refers (Special) to rtexit2.o(.ARM.Collect$$rtexit$$00000004) for __rt_exit_exit
    rtexit.o(.ARM.exidx) refers (Special) to rtexit2.o(.ARM.Collect$$rtexit$$00000003) for __rt_exit_ls
    rtexit.o(.ARM.exidx) refers (Special) to rtexit2.o(.ARM.Collect$$rtexit$$00000002) for __rt_exit_prels_1
    rtexit.o(.ARM.exidx) refers to rtexit.o(.ARM.Collect$$rtexit$$00000000) for .ARM.Collect$$rtexit$$00000000
    libinit2.o(.ARM.Collect$$libinit$$00000010) refers to libinit2.o(.ARM.Collect$$libinit$$0000000F) for .ARM.Collect$$libinit$$0000000F
    libinit2.o(.ARM.Collect$$libinit$$00000012) refers to libinit2.o(.ARM.Collect$$libinit$$0000000F) for .ARM.Collect$$libinit$$0000000F
    libinit2.o(.ARM.Collect$$libinit$$00000014) refers to libinit2.o(.ARM.Collect$$libinit$$0000000F) for .ARM.Collect$$libinit$$0000000F
    libinit2.o(.ARM.Collect$$libinit$$00000016) refers to libinit2.o(.ARM.Collect$$libinit$$0000000F) for .ARM.Collect$$libinit$$0000000F
    libinit2.o(.ARM.Collect$$libinit$$00000018) refers to libinit2.o(.ARM.Collect$$libinit$$0000000F) for .ARM.Collect$$libinit$$0000000F
    libinit2.o(.ARM.Collect$$libinit$$00000026) refers to argv_veneer.o(.emb_text) for __ARM_argv_veneer
    libinit2.o(.ARM.Collect$$libinit$$00000027) refers to argv_veneer.o(.emb_text) for __ARM_argv_veneer
    rtexit2.o(.ARM.Collect$$rtexit$$00000003) refers to libshutdown.o(.ARM.Collect$$libshutdown$$00000000) for __rt_lib_shutdown
    rtexit2.o(.ARM.Collect$$rtexit$$00000004) refers to sys_exit.o(.text) for _sys_exit
    rtexit2.o(.ARM.exidx) refers to rtexit2.o(.ARM.Collect$$rtexit$$00000001) for .ARM.Collect$$rtexit$$00000001
    rtexit2.o(.ARM.exidx) refers to rtexit2.o(.ARM.Collect$$rtexit$$00000003) for .ARM.Collect$$rtexit$$00000003
    rtexit2.o(.ARM.exidx) refers to rtexit2.o(.ARM.Collect$$rtexit$$00000004) for .ARM.Collect$$rtexit$$00000004
    argv_veneer.o(.emb_text) refers to no_argv.o(.text) for __ARM_get_argv
    sys_exit.o(.text) refers (Special) to use_no_semi.o(.text) for __I$use$semihosting
    sys_exit.o(.text) refers (Special) to indicate_semi.o(.text) for __semihosting_library_function
    _get_argv_nomalloc.o(.text) refers (Special) to hrguard.o(.text) for __heap_region$guard
    _get_argv_nomalloc.o(.text) refers to defsig_rtmem_outer.o(.text) for __rt_SIGRTMEM
    _get_argv_nomalloc.o(.text) refers to sys_command.o(.text) for _sys_command_string
    libshutdown.o(.ARM.Collect$$libshutdown$$00000000) refers (Special) to libshutdown2.o(.ARM.Collect$$libshutdown$$00000006) for __rt_lib_shutdown_fp_trap_1
    libshutdown.o(.ARM.Collect$$libshutdown$$00000000) refers (Special) to libshutdown2.o(.ARM.Collect$$libshutdown$$0000000E) for __rt_lib_shutdown_heap_1
    libshutdown.o(.ARM.Collect$$libshutdown$$00000000) refers (Special) to libshutdown2.o(.ARM.Collect$$libshutdown$$0000000F) for __rt_lib_shutdown_return
    libshutdown.o(.ARM.Collect$$libshutdown$$00000000) refers (Special) to libshutdown2.o(.ARM.Collect$$libshutdown$$00000009) for __rt_lib_shutdown_signal_1
    libshutdown.o(.ARM.Collect$$libshutdown$$00000000) refers (Special) to libshutdown2.o(.ARM.Collect$$libshutdown$$00000003) for __rt_lib_shutdown_stdio_1
    libshutdown.o(.ARM.Collect$$libshutdown$$00000000) refers (Special) to libshutdown2.o(.ARM.Collect$$libshutdown$$0000000B) for __rt_lib_shutdown_user_alloc_1
    sys_command.o(.text) refers (Special) to use_no_semi.o(.text) for __I$use$semihosting
    sys_command.o(.text) refers (Special) to indicate_semi.o(.text) for __semihosting_library_function
    defsig_rtmem_outer.o(.text) refers to defsig_rtmem_inner.o(.text) for __rt_SIGRTMEM_inner
    defsig_rtmem_outer.o(.text) refers to defsig_exit.o(.text) for __sig_exit
    defsig_rtmem_formal.o(.text) refers to rt_raise.o(.text) for __rt_raise
    rt_raise.o(.text) refers to __raise.o(.text) for __raise
    rt_raise.o(.text) refers to sys_exit.o(.text) for _sys_exit
    defsig_exit.o(.text) refers to sys_exit.o(.text) for _sys_exit
    defsig_rtmem_inner.o(.text) refers to defsig_general.o(.text) for __default_signal_display
    __raise.o(.text) refers to defsig.o(CL$$defsig) for __default_signal_handler
    defsig_general.o(.text) refers to sys_wrch.o(.text) for _ttywrch
    sys_wrch.o(.text) refers (Special) to use_no_semi.o(.text) for __I$use$semihosting
    sys_wrch.o(.text) refers (Special) to indicate_semi.o(.text) for __semihosting_library_function
    defsig.o(CL$$defsig) refers to defsig_rtmem_inner.o(.text) for __rt_SIGRTMEM_inner
    defsig_abrt_inner.o(.text) refers to defsig_general.o(.text) for __default_signal_display
    defsig_fpe_inner.o(.text) refers to defsig_general.o(.text) for __default_signal_display
    defsig_rtred_inner.o(.text) refers to defsig_general.o(.text) for __default_signal_display
    defsig_stak_inner.o(.text) refers to defsig_general.o(.text) for __default_signal_display
    defsig_pvfn_inner.o(.text) refers to defsig_general.o(.text) for __default_signal_display
    defsig_cppl_inner.o(.text) refers to defsig_general.o(.text) for __default_signal_display
    defsig_segv_inner.o(.text) refers to defsig_general.o(.text) for __default_signal_display
    defsig_other.o(.text) refers to defsig_general.o(.text) for __default_signal_display
    at_lib.o(.ARM.RL_ARM1) refers to at_lib.o(.ARM.RL_ARM2) for .ARM.RL_ARM2
    at_lib.o(.ARM.RL_ARM2) refers to at_lib.o(.ARM.RL_ARM3) for .ARM.RL_ARM3
    at_lib.o(.ARM.RL_ARM3) refers to at_lib.o(.ARM.RL_ARM4) for .ARM.RL_ARM4
    at_lib.o(.ARM.RL_ARM4) refers to at_lib.o(.ARM.RL_ARM5) for .ARM.RL_ARM5
    at_lib.o(.ARM.RL_ARM5) refers to at_lib.o(.ARM.RL_ARM6) for .ARM.RL_ARM6
    at_lib.o(.ARM.RL_ARM6) refers to at_lib.o(.ARM.RL_ARM1) for .ARM.RL_ARM1


==============================================================================

Removing Unused input sections from the image.

    Removing system_stm32f10x.o(i.SystemCoreClockUpdate), (156 bytes).
    Removing system_stm32f10x.o(.data), (20 bytes).
    Removing net_config.o(i.dhcp_disable), (2 bytes).
    Removing net_config.o(i.sntp_get_time), (4 bytes).
    Removing at_arp.o(i.arp_cache_ip), (52 bytes).
    Removing at_arp.o(i.arp_cache_mac), (136 bytes).
    Removing at_arp.o(i.arp_get_hwadr), (60 bytes).
    Removing at_arp.o(i.arp_get_info), (104 bytes).
    Removing at_arp.o(i.arp_probe), (20 bytes).
    Removing at_icmp.o(i.icmp_ping), (104 bytes).
    Removing at_tcp.o(i.tcp_abort), (80 bytes).
    Removing at_tcp.o(i.tcp_check_send), (56 bytes).
    Removing at_tcp.o(i.tcp_close), (156 bytes).
    Removing at_tcp.o(i.tcp_connect), (180 bytes).
    Removing at_tcp.o(i.tcp_get_adr), (28 bytes).
    Removing at_tcp.o(i.tcp_get_buf), (32 bytes).
    Removing at_tcp.o(i.tcp_get_free_port), (68 bytes).
    Removing at_tcp.o(i.tcp_get_socket), (76 bytes).
    Removing at_tcp.o(i.tcp_get_state), (36 bytes).
    Removing at_tcp.o(i.tcp_ioctl_socket), (60 bytes).
    Removing at_tcp.o(i.tcp_listen), (108 bytes).
    Removing at_tcp.o(i.tcp_max_dsize), (36 bytes).
    Removing at_tcp.o(i.tcp_no_ack), (12 bytes).
    Removing at_tcp.o(i.tcp_release_socket), (56 bytes).
    Removing at_tcp.o(i.tcp_reset_tout), (44 bytes).
    Removing at_tcp.o(i.tcp_reset_window), (68 bytes).
    Removing at_tcp.o(i.tcp_send), (212 bytes).
    Removing at_udp.o(i.udp_close), (44 bytes).
    Removing at_udp.o(i.udp_free_buf), (6 bytes).
    Removing at_udp.o(i.udp_keep_buf), (60 bytes).
    Removing at_udp.o(i.udp_mcast_ttl), (44 bytes).
    Removing at_udp.o(i.udp_release_socket), (48 bytes).
    Removing at_ethernet.o(i.eth_get_adr), (4 bytes).
    Removing at_mem.o(i.resize_mem), (72 bytes).
    Removing at_system.o(.emb_text), (0 bytes).
    Removing at_system.o(i.timer_tick), (20 bytes).
    Removing at_lib.o(i.asc_to_b64), (64 bytes).
    Removing at_lib.o(i.b64_to_asc), (122 bytes).
    Removing at_lib.o(i.bin_to_b64), (66 bytes).
    Removing at_lib.o(i.encode_b64), (76 bytes).
    Removing at_lib.o(i.mem_rcopy), (32 bytes).
    Removing at_lib.o(i.nrd_u16be), (10 bytes).
    Removing at_lib.o(i.nwr_u16be), (8 bytes).
    Removing at_lib.o(i.str_copy), (18 bytes).
    Removing at_lib.o(i.str_crc32), (26 bytes).
    Removing at_lib.o(i.str_pos), (22 bytes).
    Removing at_lib.o(i.str_scomp), (26 bytes).
    Removing at_lib.o(i.str_ucomp), (46 bytes).
    Removing at_lib.o(.ARM.RL_ARM1), (82 bytes).
    Removing at_lib.o(.ARM.RL_ARM2), (76 bytes).
    Removing at_lib.o(.ARM.RL_ARM3), (45 bytes).
    Removing at_lib.o(.ARM.RL_ARM4), (65 bytes).
    Removing at_lib.o(.ARM.RL_ARM5), (82 bytes).
    Removing at_lib.o(.ARM.RL_ARM6), (77 bytes).

54 unused section(s) (total 3207 bytes) removed from the image.

==============================================================================

Image Symbol Table

    Local Symbols

    Symbol Name                              Value     Ov Type        Size  Object(Section)

    ../clib/angel/boardlib.s                 0x00000000   Number         0  boardinit3.o ABSOLUTE
    ../clib/angel/boardlib.s                 0x00000000   Number         0  boardinit2.o ABSOLUTE
    ../clib/angel/boardlib.s                 0x00000000   Number         0  boardinit1.o ABSOLUTE
    ../clib/angel/boardlib.s                 0x00000000   Number         0  boardshut.o ABSOLUTE
    ../clib/angel/handlers.s                 0x00000000   Number         0  __scatter_zi.o ABSOLUTE
    ../clib/angel/handlers.s                 0x00000000   Number         0  __scatter_copy.o ABSOLUTE
    ../clib/angel/kernel.s                   0x00000000   Number         0  rtexit2.o ABSOLUTE
    ../clib/angel/kernel.s                   0x00000000   Number         0  __rtentry4.o ABSOLUTE
    ../clib/angel/kernel.s                   0x00000000   Number         0  __rtentry.o ABSOLUTE
    ../clib/angel/kernel.s                   0x00000000   Number         0  __rtentry2.o ABSOLUTE
    ../clib/angel/kernel.s                   0x00000000   Number         0  rtexit.o ABSOLUTE
    ../clib/angel/rt.s                       0x00000000   Number         0  rt_raise.o ABSOLUTE
    ../clib/angel/scatter.s                  0x00000000   Number         0  __scatter.o ABSOLUTE
    ../clib/angel/startup.s                  0x00000000   Number         0  __main.o ABSOLUTE
    ../clib/angel/sys.s                      0x00000000   Number         0  sys_stackheap_outer.o ABSOLUTE
    ../clib/angel/sys.s                      0x00000000   Number         0  libspace.o ABSOLUTE
    ../clib/angel/sys.s                      0x00000000   Number         0  use_no_semi.o ABSOLUTE
    ../clib/angel/sys.s                      0x00000000   Number         0  indicate_semi.o ABSOLUTE
    ../clib/angel/sysapp.c                   0x00000000   Number         0  sys_exit.o ABSOLUTE
    ../clib/angel/sysapp.c                   0x00000000   Number         0  sys_command.o ABSOLUTE
    ../clib/angel/sysapp.c                   0x00000000   Number         0  sys_wrch.o ABSOLUTE
    ../clib/armsys.c                         0x00000000   Number         0  argv_veneer.o ABSOLUTE
    ../clib/armsys.c                         0x00000000   Number         0  no_argv.o ABSOLUTE
    ../clib/armsys.c                         0x00000000   Number         0  _get_argv_nomalloc.o ABSOLUTE
    ../clib/armsys.c                         0x00000000   Number         0  argv_veneer.o ABSOLUTE
    ../clib/heapalloc.c                      0x00000000   Number         0  hrguard.o ABSOLUTE
    ../clib/heapaux.c                        0x00000000   Number         0  heapauxi.o ABSOLUTE
    ../clib/libinit.s                        0x00000000   Number         0  libshutdown.o ABSOLUTE
    ../clib/libinit.s                        0x00000000   Number         0  libshutdown2.o ABSOLUTE
    ../clib/libinit.s                        0x00000000   Number         0  libinit.o ABSOLUTE
    ../clib/libinit.s                        0x00000000   Number         0  libinit2.o ABSOLUTE
    ../clib/signal.c                         0x00000000   Number         0  defsig_stak_inner.o ABSOLUTE
    ../clib/signal.c                         0x00000000   Number         0  defsig_rtred_inner.o ABSOLUTE
    ../clib/signal.c                         0x00000000   Number         0  defsig_fpe_inner.o ABSOLUTE
    ../clib/signal.c                         0x00000000   Number         0  defsig_abrt_inner.o ABSOLUTE
    ../clib/signal.c                         0x00000000   Number         0  __raise.o ABSOLUTE
    ../clib/signal.c                         0x00000000   Number         0  defsig_rtmem_inner.o ABSOLUTE
    ../clib/signal.c                         0x00000000   Number         0  defsig_exit.o ABSOLUTE
    ../clib/signal.c                         0x00000000   Number         0  defsig_general.o ABSOLUTE
    ../clib/signal.c                         0x00000000   Number         0  defsig_rtmem_formal.o ABSOLUTE
    ../clib/signal.c                         0x00000000   Number         0  defsig_rtmem_outer.o ABSOLUTE
    ../clib/signal.c                         0x00000000   Number         0  defsig_other.o ABSOLUTE
    ../clib/signal.c                         0x00000000   Number         0  defsig_segv_inner.o ABSOLUTE
    ../clib/signal.c                         0x00000000   Number         0  defsig_cppl_inner.o ABSOLUTE
    ../clib/signal.c                         0x00000000   Number         0  defsig_pvfn_inner.o ABSOLUTE
    ../clib/signal.s                         0x00000000   Number         0  defsig.o ABSOLUTE
    ../clib/stdlib.c                         0x00000000   Number         0  exit.o ABSOLUTE
    ../clib/string.c                         0x00000000   Number         0  strcpy.o ABSOLUTE
    ../clib/string.c                         0x00000000   Number         0  strlen.o ABSOLUTE
    ../fplib/fpinit.s                        0x00000000   Number         0  fpinit.o ABSOLUTE
    CMSIS_Liberary\CMSIS\CM3\DeviceSupport\ST\STM32F10x\startup\arm\startup_stm32f10x_cl.s 0x00000000   Number         0  startup_stm32f10x_cl.o ABSOLUTE
    CMSIS_Liberary\CMSIS\CM3\DeviceSupport\ST\STM32F10x\system_stm32f10x.c 0x00000000   Number         0  system_stm32f10x.o ABSOLUTE
    Delay\delay.c                            0x00000000   Number         0  delay.o ABSOLUTE
    Main\main.c                              0x00000000   Number         0  main.o ABSOLUTE
    RL_ARM.s                                 0x00000000   Number         0  at_tcp.o ABSOLUTE
    RL_ARM.s                                 0x00000000   Number         0  at_system.o ABSOLUTE
    RL_ARM.s                                 0x00000000   Number         0  at_mem.o ABSOLUTE
    RL_ARM.s                                 0x00000000   Number         0  at_ethernet.o ABSOLUTE
    RL_ARM.s                                 0x00000000   Number         0  at_udp.o ABSOLUTE
    RL_ARM.s                                 0x00000000   Number         0  at_nbns.o ABSOLUTE
    RL_ARM.s                                 0x00000000   Number         0  at_lib.o ABSOLUTE
    RL_ARM.s                                 0x00000000   Number         0  at_icmp.o ABSOLUTE
    RL_ARM.s                                 0x00000000   Number         0  at_ip.o ABSOLUTE
    RL_ARM.s                                 0x00000000   Number         0  at_arp.o ABSOLUTE
    SRC\\at_System.c                         0x00000000   Number         0  at_system.o ABSOLUTE
    SRC\at_ARP.c                             0x00000000   Number         0  at_arp.o ABSOLUTE
    SRC\at_Ethernet.c                        0x00000000   Number         0  at_ethernet.o ABSOLUTE
    SRC\at_ICMP.c                            0x00000000   Number         0  at_icmp.o ABSOLUTE
    SRC\at_IP.c                              0x00000000   Number         0  at_ip.o ABSOLUTE
    SRC\at_Lib.c                             0x00000000   Number         0  at_lib.o ABSOLUTE
    SRC\at_Mem.c                             0x00000000   Number         0  at_mem.o ABSOLUTE
    SRC\at_NBNS.c                            0x00000000   Number         0  at_nbns.o ABSOLUTE
    SRC\at_System.c                          0x00000000   Number         0  at_system.o ABSOLUTE
    SRC\at_TCP.c                             0x00000000   Number         0  at_tcp.o ABSOLUTE
    SRC\at_UDP.c                             0x00000000   Number         0  at_udp.o ABSOLUTE
    dc.s                                     0x00000000   Number         0  dc.o ABSOLUTE
    net_lib\ETH_STM32x.c                     0x00000000   Number         0  eth_stm32x.o ABSOLUTE
    net_lib\Net_Config.c                     0x00000000   Number         0  net_config.o ABSOLUTE
    RESET                                    0x08000000   Section      336  startup_stm32f10x_cl.o(RESET)
    !!!main                                  0x08000150   Section        8  __main.o(!!!main)
    !!!scatter                               0x08000158   Section       52  __scatter.o(!!!scatter)
    !!handler_copy                           0x0800018c   Section       26  __scatter_copy.o(!!handler_copy)
    !!handler_zi                             0x080001a8   Section       28  __scatter_zi.o(!!handler_zi)
    .ARM.Collect$$libinit$$00000000          0x080001c4   Section        2  libinit.o(.ARM.Collect$$libinit$$00000000)
    .ARM.Collect$$libinit$$00000002          0x080001c6   Section        0  libinit2.o(.ARM.Collect$$libinit$$00000002)
    .ARM.Collect$$libinit$$00000004          0x080001c6   Section        0  libinit2.o(.ARM.Collect$$libinit$$00000004)
    .ARM.Collect$$libinit$$0000000A          0x080001c6   Section        0  libinit2.o(.ARM.Collect$$libinit$$0000000A)
    .ARM.Collect$$libinit$$0000000C          0x080001c6   Section        0  libinit2.o(.ARM.Collect$$libinit$$0000000C)
    .ARM.Collect$$libinit$$0000000E          0x080001c6   Section        0  libinit2.o(.ARM.Collect$$libinit$$0000000E)
    .ARM.Collect$$libinit$$00000011          0x080001c6   Section        0  libinit2.o(.ARM.Collect$$libinit$$00000011)
    .ARM.Collect$$libinit$$00000013          0x080001c6   Section        0  libinit2.o(.ARM.Collect$$libinit$$00000013)
    .ARM.Collect$$libinit$$00000015          0x080001c6   Section        0  libinit2.o(.ARM.Collect$$libinit$$00000015)
    .ARM.Collect$$libinit$$00000017          0x080001c6   Section        0  libinit2.o(.ARM.Collect$$libinit$$00000017)
    .ARM.Collect$$libinit$$00000019          0x080001c6   Section        0  libinit2.o(.ARM.Collect$$libinit$$00000019)
    .ARM.Collect$$libinit$$0000001B          0x080001c6   Section        0  libinit2.o(.ARM.Collect$$libinit$$0000001B)
    .ARM.Collect$$libinit$$0000001D          0x080001c6   Section        0  libinit2.o(.ARM.Collect$$libinit$$0000001D)
    .ARM.Collect$$libinit$$0000001F          0x080001c6   Section        0  libinit2.o(.ARM.Collect$$libinit$$0000001F)
    .ARM.Collect$$libinit$$00000021          0x080001c6   Section        0  libinit2.o(.ARM.Collect$$libinit$$00000021)
    .ARM.Collect$$libinit$$00000023          0x080001c6   Section        0  libinit2.o(.ARM.Collect$$libinit$$00000023)
    .ARM.Collect$$libinit$$00000025          0x080001c6   Section        0  libinit2.o(.ARM.Collect$$libinit$$00000025)
    .ARM.Collect$$libinit$$0000002C          0x080001c6   Section        0  libinit2.o(.ARM.Collect$$libinit$$0000002C)
    .ARM.Collect$$libinit$$0000002E          0x080001c6   Section        0  libinit2.o(.ARM.Collect$$libinit$$0000002E)
    .ARM.Collect$$libinit$$00000030          0x080001c6   Section        0  libinit2.o(.ARM.Collect$$libinit$$00000030)
    .ARM.Collect$$libinit$$00000032          0x080001c6   Section        0  libinit2.o(.ARM.Collect$$libinit$$00000032)
    .ARM.Collect$$libinit$$00000033          0x080001c6   Section        2  libinit2.o(.ARM.Collect$$libinit$$00000033)
    .ARM.Collect$$libshutdown$$00000000      0x080001c8   Section        2  libshutdown.o(.ARM.Collect$$libshutdown$$00000000)
    .ARM.Collect$$libshutdown$$00000003      0x080001ca   Section        0  libshutdown2.o(.ARM.Collect$$libshutdown$$00000003)
    .ARM.Collect$$libshutdown$$00000006      0x080001ca   Section        0  libshutdown2.o(.ARM.Collect$$libshutdown$$00000006)
    .ARM.Collect$$libshutdown$$00000009      0x080001ca   Section        0  libshutdown2.o(.ARM.Collect$$libshutdown$$00000009)
    .ARM.Collect$$libshutdown$$0000000B      0x080001ca   Section        0  libshutdown2.o(.ARM.Collect$$libshutdown$$0000000B)
    .ARM.Collect$$libshutdown$$0000000E      0x080001ca   Section        0  libshutdown2.o(.ARM.Collect$$libshutdown$$0000000E)
    .ARM.Collect$$libshutdown$$0000000F      0x080001ca   Section        2  libshutdown2.o(.ARM.Collect$$libshutdown$$0000000F)
    .ARM.Collect$$rtentry$$00000000          0x080001cc   Section        0  __rtentry.o(.ARM.Collect$$rtentry$$00000000)
    .ARM.Collect$$rtentry$$00000002          0x080001cc   Section        0  __rtentry2.o(.ARM.Collect$$rtentry$$00000002)
    .ARM.Collect$$rtentry$$00000004          0x080001cc   Section        6  __rtentry4.o(.ARM.Collect$$rtentry$$00000004)
    .ARM.Collect$$rtentry$$00000009          0x080001d2   Section        0  __rtentry2.o(.ARM.Collect$$rtentry$$00000009)
    .ARM.Collect$$rtentry$$0000000A          0x080001d2   Section        4  __rtentry2.o(.ARM.Collect$$rtentry$$0000000A)
    .ARM.Collect$$rtentry$$0000000C          0x080001d6   Section        0  __rtentry2.o(.ARM.Collect$$rtentry$$0000000C)
    .ARM.Collect$$rtentry$$0000000D          0x080001d6   Section        8  __rtentry2.o(.ARM.Collect$$rtentry$$0000000D)
    .ARM.Collect$$rtexit$$00000000           0x080001de   Section        2  rtexit.o(.ARM.Collect$$rtexit$$00000000)
    .ARM.Collect$$rtexit$$00000002           0x080001e0   Section        0  rtexit2.o(.ARM.Collect$$rtexit$$00000002)
    .ARM.Collect$$rtexit$$00000003           0x080001e0   Section        4  rtexit2.o(.ARM.Collect$$rtexit$$00000003)
    .ARM.Collect$$rtexit$$00000004           0x080001e4   Section        6  rtexit2.o(.ARM.Collect$$rtexit$$00000004)
    .text                                    0x080001ec   Section       64  startup_stm32f10x_cl.o(.text)
    .text                                    0x0800022c   Section        0  strcpy.o(.text)
    .text                                    0x08000274   Section        0  strlen.o(.text)
    .text                                    0x080002b2   Section        0  heapauxi.o(.text)
    .text                                    0x080002b8   Section       74  sys_stackheap_outer.o(.text)
    .text                                    0x08000302   Section        0  exit.o(.text)
    .text                                    0x08000310   Section        8  libspace.o(.text)
    .text                                    0x08000318   Section        0  sys_exit.o(.text)
    .text                                    0x08000324   Section        2  use_no_semi.o(.text)
    .text                                    0x08000326   Section        0  indicate_semi.o(.text)
    i.ETH_IRQHandler                         0x08000328   Section        0  eth_stm32x.o(i.ETH_IRQHandler)
    i.SetSysClockTo72                        0x080003c8   Section        0  system_stm32f10x.o(i.SetSysClockTo72)
    SetSysClockTo72                          0x080003c9   Thumb Code   190  system_stm32f10x.o(i.SetSysClockTo72)
    i.SystemInit                             0x08000498   Section        0  system_stm32f10x.o(i.SystemInit)
    i.alloc_mem                              0x080004f4   Section        0  at_mem.o(i.alloc_mem)
    i.arp_cache_add                          0x080005ac   Section        0  at_arp.o(i.arp_cache_add)
    i.arp_cache_alloc                        0x08000664   Section        0  at_arp.o(i.arp_cache_alloc)
    arp_cache_alloc                          0x08000665   Thumb Code   132  at_arp.o(i.arp_cache_alloc)
    i.arp_cache_early                        0x080006ec   Section        0  at_arp.o(i.arp_cache_early)
    i.arp_cache_find                         0x08000784   Section        0  at_arp.o(i.arp_cache_find)
    i.arp_cache_update                       0x08000838   Section        0  at_arp.o(i.arp_cache_update)
    i.arp_init                               0x0800092c   Section        0  at_arp.o(i.arp_init)
    i.arp_is_cacheable                       0x0800095c   Section        0  at_arp.o(i.arp_is_cacheable)
    arp_is_cacheable                         0x0800095d   Thumb Code    48  at_arp.o(i.arp_is_cacheable)
    i.arp_notify                             0x08000990   Section        0  at_arp.o(i.arp_notify)
    i.arp_proc_response                      0x080009b8   Section        0  at_arp.o(i.arp_proc_response)
    arp_proc_response                        0x080009b9   Thumb Code   130  at_arp.o(i.arp_proc_response)
    i.arp_process                            0x08000a40   Section        0  at_arp.o(i.arp_process)
    i.arp_send_reply                         0x08000b7c   Section        0  at_arp.o(i.arp_send_reply)
    arp_send_reply                           0x08000b7d   Thumb Code   150  at_arp.o(i.arp_send_reply)
    i.arp_send_request                       0x08000c1c   Section        0  at_arp.o(i.arp_send_request)
    arp_send_request                         0x08000c1d   Thumb Code   170  at_arp.o(i.arp_send_request)
    i.avail_mem                              0x08000cd4   Section        0  at_mem.o(i.avail_mem)
    i.calc_chksum16be                        0x08000cf0   Section        0  at_lib.o(i.calc_chksum16be)
    i.chksum16_buf                           0x08000d04   Section        0  at_lib.o(i.chksum16_buf)
    i.chksum16_val                           0x08000d2c   Section        0  at_lib.o(i.chksum16_val)
    i.delayMs                                0x08000d36   Section        0  delay.o(i.delayMs)
    i.eth_chk_adr                            0x08000d50   Section        0  at_ethernet.o(i.eth_chk_adr)
    i.eth_init_link                          0x08000d60   Section        0  at_ethernet.o(i.eth_init_link)
    i.eth_run_link                           0x08000d94   Section        0  at_ethernet.o(i.eth_run_link)
    i.eth_send_frame                         0x08000e68   Section        0  at_ethernet.o(i.eth_send_frame)
    i.free_mem                               0x08000f10   Section        0  at_mem.o(i.free_mem)
    i.get_crc32                              0x08000f94   Section        0  at_lib.o(i.get_crc32)
    get_crc32                                0x08000f95   Thumb Code    32  at_lib.o(i.get_crc32)
    i.get_rnd32                              0x08000fb8   Section        0  at_system.o(i.get_rnd32)
    i.icmp_init                              0x08000fd4   Section        0  at_icmp.o(i.icmp_init)
    i.icmp_process                           0x08000fe4   Section        0  at_icmp.o(i.icmp_process)
    i.icmp_run_engine                        0x080010b0   Section        0  at_icmp.o(i.icmp_run_engine)
    i.icmp_send_message                      0x080010f8   Section        0  at_icmp.o(i.icmp_send_message)
    icmp_send_message                        0x080010f9   Thumb Code   108  at_icmp.o(i.icmp_send_message)
    i.ifree_mem                              0x08001168   Section        0  at_mem.o(i.ifree_mem)
    i.igmp_is_member                         0x080011a0   Section        0  net_config.o(i.igmp_is_member)
    i.igmp_process                           0x080011a4   Section        0  net_config.o(i.igmp_process)
    i.init_TcpNet                            0x080011a8   Section        0  at_system.o(i.init_TcpNet)
    i.init_ethernet                          0x080011d8   Section        0  eth_stm32x.o(i.init_ethernet)
    i.init_mem                               0x080013b0   Section        0  at_mem.o(i.init_mem)
    i.init_system                            0x08001410   Section        0  net_config.o(i.init_system)
    i.int_disable_eth                        0x08001432   Section        0  eth_stm32x.o(i.int_disable_eth)
    i.int_enable_eth                         0x08001440   Section        0  eth_stm32x.o(i.int_enable_eth)
    i.ip_chk_frame                           0x08001450   Section        0  at_ip.o(i.ip_chk_frame)
    i.ip_get_chksum                          0x08001524   Section        0  at_ip.o(i.ip_get_chksum)
    ip_get_chksum                            0x08001525   Thumb Code    10  at_ip.o(i.ip_get_chksum)
    i.ip_get_locadr                          0x08001530   Section        0  at_ip.o(i.ip_get_locadr)
    i.ip_init                                0x080015e8   Section        0  at_ip.o(i.ip_init)
    i.ip_run_local                           0x080015f4   Section        0  at_ip.o(i.ip_run_local)
    i.ip_send_frame                          0x08001650   Section        0  at_ip.o(i.ip_send_frame)
    i.is_subnet                              0x0800179c   Section        0  at_lib.o(i.is_subnet)
    i.is_subnet_bcast                        0x080017b0   Section        0  at_ip.o(i.is_subnet_bcast)
    is_subnet_bcast                          0x080017b1   Thumb Code    28  at_ip.o(i.is_subnet_bcast)
    i.main                                   0x080017d0   Section        0  main.o(i.main)
    i.main_TcpNet                            0x08001850   Section        0  at_system.o(i.main_TcpNet)
    i.mem_comp                               0x080018b4   Section        0  at_lib.o(i.mem_comp)
    i.mem_copy                               0x080018cc   Section        0  at_lib.o(i.mem_copy)
    i.mem_crc32                              0x080018e2   Section        0  at_lib.o(i.mem_crc32)
    i.mem_set                                0x08001902   Section        0  at_lib.o(i.mem_set)
    i.mem_test                               0x0800190c   Section        0  at_lib.o(i.mem_test)
    i.nbns_init                              0x08001920   Section        0  at_nbns.o(i.nbns_init)
    i.nbns_listener                          0x08001948   Section        0  at_nbns.o(i.nbns_listener)
    nbns_listener                            0x08001949   Thumb Code   338  at_nbns.o(i.nbns_listener)
    i.nrd_u32be                              0x08001aac   Section        0  at_lib.o(i.nrd_u32be)
    i.nwr_u32be                              0x08001ac2   Section        0  at_lib.o(i.nwr_u32be)
    i.ppp_send_frame                         0x08001ad2   Section        0  net_config.o(i.ppp_send_frame)
    i.put_in_queue                           0x08001ad8   Section        0  at_ethernet.o(i.put_in_queue)
    i.read_PHY                               0x08001b00   Section        0  eth_stm32x.o(i.read_PHY)
    read_PHY                                 0x08001b01   Thumb Code    36  eth_stm32x.o(i.read_PHY)
    i.run_system                             0x08001b28   Section        0  net_config.o(i.run_system)
    i.rx_descr_init                          0x08001b40   Section        0  eth_stm32x.o(i.rx_descr_init)
    rx_descr_init                            0x08001b41   Thumb Code    68  eth_stm32x.o(i.rx_descr_init)
    i.send_frame                             0x08001b90   Section        0  eth_stm32x.o(i.send_frame)
    i.slip_send_frame                        0x08001be8   Section        0  net_config.o(i.slip_send_frame)
    i.str_up_case                            0x08001bec   Section        0  at_lib.o(i.str_up_case)
    i.sys_error                              0x08001c06   Section        0  net_config.o(i.sys_error)
    i.tcp_init                               0x08001c08   Section        0  at_tcp.o(i.tcp_init)
    i.tcp_map_socket                         0x08001c20   Section        0  at_tcp.o(i.tcp_map_socket)
    tcp_map_socket                           0x08001c21   Thumb Code   146  at_tcp.o(i.tcp_map_socket)
    i.tcp_parse_opt                          0x08001cb8   Section        0  at_tcp.o(i.tcp_parse_opt)
    tcp_parse_opt                            0x08001cb9   Thumb Code    94  at_tcp.o(i.tcp_parse_opt)
    i.tcp_poll_sockets                       0x08001d18   Section        0  at_tcp.o(i.tcp_poll_sockets)
    i.tcp_proc_acknr                         0x08001f9c   Section        0  at_tcp.o(i.tcp_proc_acknr)
    tcp_proc_acknr                           0x08001f9d   Thumb Code   192  at_tcp.o(i.tcp_proc_acknr)
    i.tcp_proc_dupack                        0x08002060   Section        0  at_tcp.o(i.tcp_proc_dupack)
    tcp_proc_dupack                          0x08002061   Thumb Code    82  at_tcp.o(i.tcp_proc_dupack)
    i.tcp_process                            0x080020b4   Section        0  at_tcp.o(i.tcp_process)
    i.tcp_que_free                           0x08002578   Section        0  at_tcp.o(i.tcp_que_free)
    tcp_que_free                             0x08002579   Thumb Code    26  at_tcp.o(i.tcp_que_free)
    i.tcp_que_init                           0x08002592   Section        0  at_tcp.o(i.tcp_que_init)
    tcp_que_init                             0x08002593   Thumb Code    26  at_tcp.o(i.tcp_que_init)
    i.tcp_que_resend                         0x080025ac   Section        0  at_tcp.o(i.tcp_que_resend)
    tcp_que_resend                           0x080025ad   Thumb Code   142  at_tcp.o(i.tcp_que_resend)
    i.tcp_send_ctrl                          0x08002640   Section        0  at_tcp.o(i.tcp_send_ctrl)
    tcp_send_ctrl                            0x08002641   Thumb Code   102  at_tcp.o(i.tcp_send_ctrl)
    i.tcp_send_data                          0x080026a6   Section        0  at_tcp.o(i.tcp_send_data)
    tcp_send_data                            0x080026a7   Thumb Code    78  at_tcp.o(i.tcp_send_data)
    i.tcp_send_reset                         0x080026f4   Section        0  at_tcp.o(i.tcp_send_reset)
    tcp_send_reset                           0x080026f5   Thumb Code   104  at_tcp.o(i.tcp_send_reset)
    i.tcp_set_cwnd                           0x0800275c   Section        0  at_tcp.o(i.tcp_set_cwnd)
    tcp_set_cwnd                             0x0800275d   Thumb Code    38  at_tcp.o(i.tcp_set_cwnd)
    i.tcp_transit                            0x08002784   Section        0  at_tcp.o(i.tcp_transit)
    tcp_transit                              0x08002785   Thumb Code   100  at_tcp.o(i.tcp_transit)
    i.tcp_write                              0x080027ec   Section        0  at_tcp.o(i.tcp_write)
    tcp_write                                0x080027ed   Thumb Code   188  at_tcp.o(i.tcp_write)
    i.udp_callback                           0x080028ac   Section        0  main.o(i.udp_callback)
    i.udp_get_buf                            0x080028b0   Section        0  at_udp.o(i.udp_get_buf)
    i.udp_get_socket                         0x080028d0   Section        0  at_udp.o(i.udp_get_socket)
    i.udp_init                               0x08002914   Section        0  at_udp.o(i.udp_init)
    i.udp_open                               0x0800292c   Section        0  at_udp.o(i.udp_open)
    i.udp_port_in_use                        0x08002994   Section        0  at_udp.o(i.udp_port_in_use)
    udp_port_in_use                          0x08002995   Thumb Code    40  at_udp.o(i.udp_port_in_use)
    i.udp_process                            0x080029c0   Section        0  at_udp.o(i.udp_process)
    i.udp_send                               0x08002a78   Section        0  at_udp.o(i.udp_send)
    i.write_PHY                              0x08002b94   Section        0  eth_stm32x.o(i.write_PHY)
    write_PHY                                0x08002b95   Thumb Code    34  eth_stm32x.o(i.write_PHY)
    .constdata                               0x08002bbc   Section       60  net_config.o(.constdata)
    .constdata                               0x08002bf8   Section       16  net_config.o(.constdata)
    .constdata                               0x08002c08   Section       12  net_config.o(.constdata)
    .constdata                               0x08002c14   Section        8  net_config.o(.constdata)
    .constdata                               0x08002c1c   Section       24  net_config.o(.constdata)
    .constdata                               0x08002c34   Section        6  at_arp.o(.constdata)
    NullAdr                                  0x08002c34   Data           6  at_arp.o(.constdata)
    .constdata                               0x08002c3a   Section        8  at_ip.o(.constdata)
    IP_Localhost                             0x08002c3e   Data           4  at_ip.o(.constdata)
    .constdata                               0x08002c42   Section        8  at_nbns.o(.constdata)
    nbns_ttllen                              0x08002c42   Data           8  at_nbns.o(.constdata)
    .constdata                               0x08002c4a   Section        6  at_ethernet.o(.constdata)
    .data                                    0x20000000   Section        1  main.o(.data)
    .data                                    0x20000001   Section        2  eth_stm32x.o(.data)
    TxBufIndex                               0x20000001   Data           1  eth_stm32x.o(.data)
    RxBufIndex                               0x20000002   Data           1  eth_stm32x.o(.data)
    .data                                    0x20000003   Section       16  net_config.o(.data)
    .data                                    0x20000013   Section        6  net_config.o(.data)
    .data                                    0x2000001c   Section        8  at_arp.o(.data)
    entry                                    0x2000001c   Data           1  at_arp.o(.data)
    probe_ip                                 0x20000020   Data           4  at_arp.o(.data)
    .data                                    0x20000024   Section       12  at_ip.o(.data)
    ip_id                                    0x20000024   Data           2  at_ip.o(.data)
    ip_control                               0x20000028   Data           8  at_ip.o(.data)
    .data                                    0x20000030   Section        4  at_tcp.o(.data)
    socket                                   0x20000030   Data           1  at_tcp.o(.data)
    no_ack                                   0x20000031   Data           1  at_tcp.o(.data)
    port                                     0x20000032   Data           2  at_tcp.o(.data)
    .data                                    0x20000034   Section        2  at_udp.o(.data)
    port                                     0x20000034   Data           2  at_udp.o(.data)
    .data                                    0x20000036   Section        1  at_nbns.o(.data)
    nbns_Socket                              0x20000036   Data           1  at_nbns.o(.data)
    .bss                                     0x20000038   Section     9312  eth_stm32x.o(.bss)
    Rx_Desc                                  0x20000038   Data          64  eth_stm32x.o(.bss)
    Tx_Desc                                  0x20000078   Data          32  eth_stm32x.o(.bss)
    rx_buf                                   0x20000098   Data        6144  eth_stm32x.o(.bss)
    tx_buf                                   0x20001898   Data        3072  eth_stm32x.o(.bss)
    .bss                                     0x20002498   Section     8000  net_config.o(.bss)
    mem_pool                                 0x20002498   Data        8000  net_config.o(.bss)
    .bss                                     0x200043d8   Section      140  net_config.o(.bss)
    arp_table                                0x200043d8   Data         140  net_config.o(.bss)
    .bss                                     0x20004464   Section       60  net_config.o(.bss)
    udp_scb                                  0x20004464   Data          60  net_config.o(.bss)
    .bss                                     0x200044a0   Section      340  net_config.o(.bss)
    tcp_scb                                  0x200044a0   Data         340  net_config.o(.bss)
    .bss                                     0x200045f4   Section       16  at_icmp.o(.bss)
    icmp_control                             0x200045f4   Data          16  at_icmp.o(.bss)
    .bss                                     0x20004604   Section      132  at_ethernet.o(.bss)
    eth_control                              0x20004604   Data         132  at_ethernet.o(.bss)
    .bss                                     0x20004688   Section       16  at_mem.o(.bss)
    mem_control                              0x20004688   Data          16  at_mem.o(.bss)
    .bss                                     0x20004698   Section       76  at_system.o(.bss)
    .bss                                     0x200046e4   Section       96  libspace.o(.bss)
    HEAP                                     0x20004748   Section      512  startup_stm32f10x_cl.o(HEAP)
    Heap_Mem                                 0x20004748   Data         512  startup_stm32f10x_cl.o(HEAP)
    STACK                                    0x20004948   Section     1024  startup_stm32f10x_cl.o(STACK)
    Stack_Mem                                0x20004948   Data        1024  startup_stm32f10x_cl.o(STACK)
    __initial_sp                             0x20004d48   Data           0  startup_stm32f10x_cl.o(STACK)

    Global Symbols

    Symbol Name                              Value     Ov Type        Size  Object(Section)

    BuildAttributes$$THM_ISAv4$P$D$K$B$S$PE$A:L22UL41UL21$X:L11$S22US41US21$IEEE1$IW$~IW$USESV6$~STKCKD$USESV7$~SHL$OSPACE$ROPI$EBA8$UX$STANDARDLIB$REQ8$PRES8$EABIv2 0x00000000   Number         0  anon$$obj.o ABSOLUTE
    __ARM_use_no_argv                        0x00000000   Number         0  main.o ABSOLUTE
    __ARM_exceptions_init                     - Undefined Weak Reference
    __alloca_initialize                       - Undefined Weak Reference
    __arm_preinit_                            - Undefined Weak Reference
    __cpp_initialize__aeabi_                  - Undefined Weak Reference
    __cxa_finalize                            - Undefined Weak Reference
    __rt_locale                               - Undefined Weak Reference
    __sigvec_lookup                           - Undefined Weak Reference
    _atexit_init                              - Undefined Weak Reference
    _call_atexit_fns                          - Undefined Weak Reference
    _clock_init                               - Undefined Weak Reference
    _fp_trap_init                             - Undefined Weak Reference
    _fp_trap_shutdown                         - Undefined Weak Reference
    _get_lc_collate                           - Undefined Weak Reference
    _get_lc_ctype                             - Undefined Weak Reference
    _get_lc_monetary                          - Undefined Weak Reference
    _get_lc_numeric                           - Undefined Weak Reference
    _get_lc_time                              - Undefined Weak Reference
    _getenv_init                              - Undefined Weak Reference
    _handle_redirection                       - Undefined Weak Reference
    _init_alloc                               - Undefined Weak Reference
    _init_user_alloc                          - Undefined Weak Reference
    _initio                                   - Undefined Weak Reference
    _rand_init                                - Undefined Weak Reference
    _signal_finish                            - Undefined Weak Reference
    _signal_init                              - Undefined Weak Reference
    _terminate_alloc                          - Undefined Weak Reference
    _terminate_user_alloc                     - Undefined Weak Reference
    _terminateio                              - Undefined Weak Reference
    poll_ethernet                             - Undefined Weak Reference
    __Vectors_Size                           0x00000150   Number         0  startup_stm32f10x_cl.o ABSOLUTE
    __RL_TCP_VER                             0x00000479   Number         0  at_system.o ABSOLUTE
    __Vectors                                0x08000000   Data           4  startup_stm32f10x_cl.o(RESET)
    __Vectors_End                            0x08000150   Data           0  startup_stm32f10x_cl.o(RESET)
    __main                                   0x08000151   Thumb Code     8  __main.o(!!!main)
    __scatterload                            0x08000159   Thumb Code     0  __scatter.o(!!!scatter)
    __scatterload_rt2                        0x08000159   Thumb Code    44  __scatter.o(!!!scatter)
    __scatterload_rt2_thumb_only             0x08000159   Thumb Code     0  __scatter.o(!!!scatter)
    __scatterload_null                       0x08000167   Thumb Code     0  __scatter.o(!!!scatter)
    __scatterload_copy                       0x0800018d   Thumb Code    26  __scatter_copy.o(!!handler_copy)
    __scatterload_zeroinit                   0x080001a9   Thumb Code    28  __scatter_zi.o(!!handler_zi)
    __rt_lib_init                            0x080001c5   Thumb Code     0  libinit.o(.ARM.Collect$$libinit$$00000000)
    __rt_lib_init_alloca_1                   0x080001c7   Thumb Code     0  libinit2.o(.ARM.Collect$$libinit$$0000002E)
    __rt_lib_init_argv_1                     0x080001c7   Thumb Code     0  libinit2.o(.ARM.Collect$$libinit$$0000002C)
    __rt_lib_init_atexit_1                   0x080001c7   Thumb Code     0  libinit2.o(.ARM.Collect$$libinit$$0000001B)
    __rt_lib_init_clock_1                    0x080001c7   Thumb Code     0  libinit2.o(.ARM.Collect$$libinit$$00000021)
    __rt_lib_init_cpp_1                      0x080001c7   Thumb Code     0  libinit2.o(.ARM.Collect$$libinit$$00000032)
    __rt_lib_init_exceptions_1               0x080001c7   Thumb Code     0  libinit2.o(.ARM.Collect$$libinit$$00000030)
    __rt_lib_init_fp_1                       0x080001c7   Thumb Code     0  libinit2.o(.ARM.Collect$$libinit$$00000002)
    __rt_lib_init_fp_trap_1                  0x080001c7   Thumb Code     0  libinit2.o(.ARM.Collect$$libinit$$0000001F)
    __rt_lib_init_getenv_1                   0x080001c7   Thumb Code     0  libinit2.o(.ARM.Collect$$libinit$$00000023)
    __rt_lib_init_heap_1                     0x080001c7   Thumb Code     0  libinit2.o(.ARM.Collect$$libinit$$0000000A)
    __rt_lib_init_lc_collate_1               0x080001c7   Thumb Code     0  libinit2.o(.ARM.Collect$$libinit$$00000011)
    __rt_lib_init_lc_ctype_1                 0x080001c7   Thumb Code     0  libinit2.o(.ARM.Collect$$libinit$$00000013)
    __rt_lib_init_lc_monetary_1              0x080001c7   Thumb Code     0  libinit2.o(.ARM.Collect$$libinit$$00000015)
    __rt_lib_init_lc_numeric_1               0x080001c7   Thumb Code     0  libinit2.o(.ARM.Collect$$libinit$$00000017)
    __rt_lib_init_lc_time_1                  0x080001c7   Thumb Code     0  libinit2.o(.ARM.Collect$$libinit$$00000019)
    __rt_lib_init_preinit_1                  0x080001c7   Thumb Code     0  libinit2.o(.ARM.Collect$$libinit$$00000004)
    __rt_lib_init_rand_1                     0x080001c7   Thumb Code     0  libinit2.o(.ARM.Collect$$libinit$$0000000E)
    __rt_lib_init_return                     0x080001c7   Thumb Code     0  libinit2.o(.ARM.Collect$$libinit$$00000033)
    __rt_lib_init_signal_1                   0x080001c7   Thumb Code     0  libinit2.o(.ARM.Collect$$libinit$$0000001D)
    __rt_lib_init_stdio_1                    0x080001c7   Thumb Code     0  libinit2.o(.ARM.Collect$$libinit$$00000025)
    __rt_lib_init_user_alloc_1               0x080001c7   Thumb Code     0  libinit2.o(.ARM.Collect$$libinit$$0000000C)
    __rt_lib_shutdown                        0x080001c9   Thumb Code     0  libshutdown.o(.ARM.Collect$$libshutdown$$00000000)
    __rt_lib_shutdown_fp_trap_1              0x080001cb   Thumb Code     0  libshutdown2.o(.ARM.Collect$$libshutdown$$00000006)
    __rt_lib_shutdown_heap_1                 0x080001cb   Thumb Code     0  libshutdown2.o(.ARM.Collect$$libshutdown$$0000000E)
    __rt_lib_shutdown_return                 0x080001cb   Thumb Code     0  libshutdown2.o(.ARM.Collect$$libshutdown$$0000000F)
    __rt_lib_shutdown_signal_1               0x080001cb   Thumb Code     0  libshutdown2.o(.ARM.Collect$$libshutdown$$00000009)
    __rt_lib_shutdown_stdio_1                0x080001cb   Thumb Code     0  libshutdown2.o(.ARM.Collect$$libshutdown$$00000003)
    __rt_lib_shutdown_user_alloc_1           0x080001cb   Thumb Code     0  libshutdown2.o(.ARM.Collect$$libshutdown$$0000000B)
    __rt_entry                               0x080001cd   Thumb Code     0  __rtentry.o(.ARM.Collect$$rtentry$$00000000)
    __rt_entry_presh_1                       0x080001cd   Thumb Code     0  __rtentry2.o(.ARM.Collect$$rtentry$$00000002)
    __rt_entry_sh                            0x080001cd   Thumb Code     0  __rtentry4.o(.ARM.Collect$$rtentry$$00000004)
    __rt_entry_li                            0x080001d3   Thumb Code     0  __rtentry2.o(.ARM.Collect$$rtentry$$0000000A)
    __rt_entry_postsh_1                      0x080001d3   Thumb Code     0  __rtentry2.o(.ARM.Collect$$rtentry$$00000009)
    __rt_entry_main                          0x080001d7   Thumb Code     0  __rtentry2.o(.ARM.Collect$$rtentry$$0000000D)
    __rt_entry_postli_1                      0x080001d7   Thumb Code     0  __rtentry2.o(.ARM.Collect$$rtentry$$0000000C)
    __rt_exit                                0x080001df   Thumb Code     0  rtexit.o(.ARM.Collect$$rtexit$$00000000)
    __rt_exit_ls                             0x080001e1   Thumb Code     0  rtexit2.o(.ARM.Collect$$rtexit$$00000003)
    __rt_exit_prels_1                        0x080001e1   Thumb Code     0  rtexit2.o(.ARM.Collect$$rtexit$$00000002)
    __rt_exit_exit                           0x080001e5   Thumb Code     0  rtexit2.o(.ARM.Collect$$rtexit$$00000004)
    Reset_Handler                            0x080001ed   Thumb Code     8  startup_stm32f10x_cl.o(.text)
    NMI_Handler                              0x080001f5   Thumb Code     2  startup_stm32f10x_cl.o(.text)
    HardFault_Handler                        0x080001f7   Thumb Code     2  startup_stm32f10x_cl.o(.text)
    MemManage_Handler                        0x080001f9   Thumb Code     2  startup_stm32f10x_cl.o(.text)
    BusFault_Handler                         0x080001fb   Thumb Code     2  startup_stm32f10x_cl.o(.text)
    UsageFault_Handler                       0x080001fd   Thumb Code     2  startup_stm32f10x_cl.o(.text)
    SVC_Handler                              0x080001ff   Thumb Code     2  startup_stm32f10x_cl.o(.text)
    DebugMon_Handler                         0x08000201   Thumb Code     2  startup_stm32f10x_cl.o(.text)
    PendSV_Handler                           0x08000203   Thumb Code     2  startup_stm32f10x_cl.o(.text)
    SysTick_Handler                          0x08000205   Thumb Code     2  startup_stm32f10x_cl.o(.text)
    ADC1_2_IRQHandler                        0x08000207   Thumb Code     0  startup_stm32f10x_cl.o(.text)
    CAN1_RX0_IRQHandler                      0x08000207   Thumb Code     0  startup_stm32f10x_cl.o(.text)
    CAN1_RX1_IRQHandler                      0x08000207   Thumb Code     0  startup_stm32f10x_cl.o(.text)
    CAN1_SCE_IRQHandler                      0x08000207   Thumb Code     0  startup_stm32f10x_cl.o(.text)
    CAN1_TX_IRQHandler                       0x08000207   Thumb Code     0  startup_stm32f10x_cl.o(.text)
    CAN2_RX0_IRQHandler                      0x08000207   Thumb Code     0  startup_stm32f10x_cl.o(.text)
    CAN2_RX1_IRQHandler                      0x08000207   Thumb Code     0  startup_stm32f10x_cl.o(.text)
    CAN2_SCE_IRQHandler                      0x08000207   Thumb Code     0  startup_stm32f10x_cl.o(.text)
    CAN2_TX_IRQHandler                       0x08000207   Thumb Code     0  startup_stm32f10x_cl.o(.text)
    DMA1_Channel1_IRQHandler                 0x08000207   Thumb Code     0  startup_stm32f10x_cl.o(.text)
    DMA1_Channel2_IRQHandler                 0x08000207   Thumb Code     0  startup_stm32f10x_cl.o(.text)
    DMA1_Channel3_IRQHandler                 0x08000207   Thumb Code     0  startup_stm32f10x_cl.o(.text)
    DMA1_Channel4_IRQHandler                 0x08000207   Thumb Code     0  startup_stm32f10x_cl.o(.text)
    DMA1_Channel5_IRQHandler                 0x08000207   Thumb Code     0  startup_stm32f10x_cl.o(.text)
    DMA1_Channel6_IRQHandler                 0x08000207   Thumb Code     0  startup_stm32f10x_cl.o(.text)
    DMA1_Channel7_IRQHandler                 0x08000207   Thumb Code     0  startup_stm32f10x_cl.o(.text)
    DMA2_Channel1_IRQHandler                 0x08000207   Thumb Code     0  startup_stm32f10x_cl.o(.text)
    DMA2_Channel2_IRQHandler                 0x08000207   Thumb Code     0  startup_stm32f10x_cl.o(.text)
    DMA2_Channel3_IRQHandler                 0x08000207   Thumb Code     0  startup_stm32f10x_cl.o(.text)
    DMA2_Channel4_IRQHandler                 0x08000207   Thumb Code     0  startup_stm32f10x_cl.o(.text)
    DMA2_Channel5_IRQHandler                 0x08000207   Thumb Code     0  startup_stm32f10x_cl.o(.text)
    ETH_WKUP_IRQHandler                      0x08000207   Thumb Code     0  startup_stm32f10x_cl.o(.text)
    EXTI0_IRQHandler                         0x08000207   Thumb Code     0  startup_stm32f10x_cl.o(.text)
    EXTI15_10_IRQHandler                     0x08000207   Thumb Code     0  startup_stm32f10x_cl.o(.text)
    EXTI1_IRQHandler                         0x08000207   Thumb Code     0  startup_stm32f10x_cl.o(.text)
    EXTI2_IRQHandler                         0x08000207   Thumb Code     0  startup_stm32f10x_cl.o(.text)
    EXTI3_IRQHandler                         0x08000207   Thumb Code     0  startup_stm32f10x_cl.o(.text)
    EXTI4_IRQHandler                         0x08000207   Thumb Code     0  startup_stm32f10x_cl.o(.text)
    EXTI9_5_IRQHandler                       0x08000207   Thumb Code     0  startup_stm32f10x_cl.o(.text)
    FLASH_IRQHandler                         0x08000207   Thumb Code     0  startup_stm32f10x_cl.o(.text)
    I2C1_ER_IRQHandler                       0x08000207   Thumb Code     0  startup_stm32f10x_cl.o(.text)
    I2C1_EV_IRQHandler                       0x08000207   Thumb Code     0  startup_stm32f10x_cl.o(.text)
    I2C2_ER_IRQHandler                       0x08000207   Thumb Code     0  startup_stm32f10x_cl.o(.text)
    I2C2_EV_IRQHandler                       0x08000207   Thumb Code     0  startup_stm32f10x_cl.o(.text)
    OTG_FS_IRQHandler                        0x08000207   Thumb Code     0  startup_stm32f10x_cl.o(.text)
    OTG_FS_WKUP_IRQHandler                   0x08000207   Thumb Code     0  startup_stm32f10x_cl.o(.text)
    PVD_IRQHandler                           0x08000207   Thumb Code     0  startup_stm32f10x_cl.o(.text)
    RCC_IRQHandler                           0x08000207   Thumb Code     0  startup_stm32f10x_cl.o(.text)
    RTCAlarm_IRQHandler                      0x08000207   Thumb Code     0  startup_stm32f10x_cl.o(.text)
    RTC_IRQHandler                           0x08000207   Thumb Code     0  startup_stm32f10x_cl.o(.text)
    SPI1_IRQHandler                          0x08000207   Thumb Code     0  startup_stm32f10x_cl.o(.text)
    SPI2_IRQHandler                          0x08000207   Thumb Code     0  startup_stm32f10x_cl.o(.text)
    SPI3_IRQHandler                          0x08000207   Thumb Code     0  startup_stm32f10x_cl.o(.text)
    TAMPER_IRQHandler                        0x08000207   Thumb Code     0  startup_stm32f10x_cl.o(.text)
    TIM1_BRK_IRQHandler                      0x08000207   Thumb Code     0  startup_stm32f10x_cl.o(.text)
    TIM1_CC_IRQHandler                       0x08000207   Thumb Code     0  startup_stm32f10x_cl.o(.text)
    TIM1_TRG_COM_IRQHandler                  0x08000207   Thumb Code     0  startup_stm32f10x_cl.o(.text)
    TIM1_UP_IRQHandler                       0x08000207   Thumb Code     0  startup_stm32f10x_cl.o(.text)
    TIM2_IRQHandler                          0x08000207   Thumb Code     0  startup_stm32f10x_cl.o(.text)
    TIM3_IRQHandler                          0x08000207   Thumb Code     0  startup_stm32f10x_cl.o(.text)
    TIM4_IRQHandler                          0x08000207   Thumb Code     0  startup_stm32f10x_cl.o(.text)
    TIM5_IRQHandler                          0x08000207   Thumb Code     0  startup_stm32f10x_cl.o(.text)
    TIM6_IRQHandler                          0x08000207   Thumb Code     0  startup_stm32f10x_cl.o(.text)
    TIM7_IRQHandler                          0x08000207   Thumb Code     0  startup_stm32f10x_cl.o(.text)
    UART4_IRQHandler                         0x08000207   Thumb Code     0  startup_stm32f10x_cl.o(.text)
    UART5_IRQHandler                         0x08000207   Thumb Code     0  startup_stm32f10x_cl.o(.text)
    USART1_IRQHandler                        0x08000207   Thumb Code     0  startup_stm32f10x_cl.o(.text)
    USART2_IRQHandler                        0x08000207   Thumb Code     0  startup_stm32f10x_cl.o(.text)
    USART3_IRQHandler                        0x08000207   Thumb Code     0  startup_stm32f10x_cl.o(.text)
    WWDG_IRQHandler                          0x08000207   Thumb Code     0  startup_stm32f10x_cl.o(.text)
    __user_initial_stackheap                 0x08000209   Thumb Code     0  startup_stm32f10x_cl.o(.text)
    strcpy                                   0x0800022d   Thumb Code    72  strcpy.o(.text)
    strlen                                   0x08000275   Thumb Code    62  strlen.o(.text)
    __use_two_region_memory                  0x080002b3   Thumb Code     2  heapauxi.o(.text)
    __rt_heap_escrow$2region                 0x080002b5   Thumb Code     2  heapauxi.o(.text)
    __rt_heap_expand$2region                 0x080002b7   Thumb Code     2  heapauxi.o(.text)
    __user_setup_stackheap                   0x080002b9   Thumb Code    74  sys_stackheap_outer.o(.text)
    exit                                     0x08000303   Thumb Code    12  exit.o(.text)
    __user_libspace                          0x08000311   Thumb Code     8  libspace.o(.text)
    __user_perproc_libspace                  0x08000311   Thumb Code     0  libspace.o(.text)
    __user_perthread_libspace                0x08000311   Thumb Code     0  libspace.o(.text)
    _sys_exit                                0x08000319   Thumb Code     8  sys_exit.o(.text)
    __I$use$semihosting                      0x08000325   Thumb Code     0  use_no_semi.o(.text)
    __use_no_semihosting_swi                 0x08000325   Thumb Code     2  use_no_semi.o(.text)
    __semihosting_library_function           0x08000327   Thumb Code     0  indicate_semi.o(.text)
    ETH_IRQHandler                           0x08000329   Thumb Code   144  eth_stm32x.o(i.ETH_IRQHandler)
    SystemInit                               0x08000499   Thumb Code    76  system_stm32f10x.o(i.SystemInit)
    alloc_mem                                0x080004f5   Thumb Code   176  at_mem.o(i.alloc_mem)
    arp_cache_add                            0x080005ad   Thumb Code   174  at_arp.o(i.arp_cache_add)
    arp_cache_early                          0x080006ed   Thumb Code   142  at_arp.o(i.arp_cache_early)
    arp_cache_find                           0x08000785   Thumb Code   168  at_arp.o(i.arp_cache_find)
    arp_cache_update                         0x08000839   Thumb Code   228  at_arp.o(i.arp_cache_update)
    arp_init                                 0x0800092d   Thumb Code    38  at_arp.o(i.arp_init)
    arp_notify                               0x08000991   Thumb Code    26  at_arp.o(i.arp_notify)
    arp_process                              0x08000a41   Thumb Code   298  at_arp.o(i.arp_process)
    avail_mem                                0x08000cd5   Thumb Code    22  at_mem.o(i.avail_mem)
    calc_chksum16be                          0x08000cf1   Thumb Code    18  at_lib.o(i.calc_chksum16be)
    chksum16_buf                             0x08000d05   Thumb Code    40  at_lib.o(i.chksum16_buf)
    chksum16_val                             0x08000d2d   Thumb Code    10  at_lib.o(i.chksum16_val)
    delayMs                                  0x08000d37   Thumb Code    24  delay.o(i.delayMs)
    eth_chk_adr                              0x08000d51   Thumb Code    10  at_ethernet.o(i.eth_chk_adr)
    eth_init_link                            0x08000d61   Thumb Code    40  at_ethernet.o(i.eth_init_link)
    eth_run_link                             0x08000d95   Thumb Code   194  at_ethernet.o(i.eth_run_link)
    eth_send_frame                           0x08000e69   Thumb Code   150  at_ethernet.o(i.eth_send_frame)
    free_mem                                 0x08000f11   Thumb Code   124  at_mem.o(i.free_mem)
    get_rnd32                                0x08000fb9   Thumb Code    18  at_system.o(i.get_rnd32)
    icmp_init                                0x08000fd5   Thumb Code    10  at_icmp.o(i.icmp_init)
    icmp_process                             0x08000fe5   Thumb Code   198  at_icmp.o(i.icmp_process)
    icmp_run_engine                          0x080010b1   Thumb Code    58  at_icmp.o(i.icmp_run_engine)
    ifree_mem                                0x08001169   Thumb Code    48  at_mem.o(i.ifree_mem)
    igmp_is_member                           0x080011a1   Thumb Code     4  net_config.o(i.igmp_is_member)
    igmp_process                             0x080011a5   Thumb Code     2  net_config.o(i.igmp_process)
    init_TcpNet                              0x080011a9   Thumb Code    38  at_system.o(i.init_TcpNet)
    init_ethernet                            0x080011d9   Thumb Code   404  eth_stm32x.o(i.init_ethernet)
    init_mem                                 0x080013b1   Thumb Code    86  at_mem.o(i.init_mem)
    init_system                              0x08001411   Thumb Code    34  net_config.o(i.init_system)
    int_disable_eth                          0x08001433   Thumb Code    14  eth_stm32x.o(i.int_disable_eth)
    int_enable_eth                           0x08001441   Thumb Code    14  eth_stm32x.o(i.int_enable_eth)
    ip_chk_frame                             0x08001451   Thumb Code   202  at_ip.o(i.ip_chk_frame)
    ip_get_locadr                            0x08001531   Thumb Code   166  at_ip.o(i.ip_get_locadr)
    ip_init                                  0x080015e9   Thumb Code     8  at_ip.o(i.ip_init)
    ip_run_local                             0x080015f5   Thumb Code    82  at_ip.o(i.ip_run_local)
    ip_send_frame                            0x08001651   Thumb Code   322  at_ip.o(i.ip_send_frame)
    is_subnet                                0x0800179d   Thumb Code    20  at_lib.o(i.is_subnet)
    main                                     0x080017d1   Thumb Code    98  main.o(i.main)
    main_TcpNet                              0x08001851   Thumb Code    86  at_system.o(i.main_TcpNet)
    mem_comp                                 0x080018b5   Thumb Code    24  at_lib.o(i.mem_comp)
    mem_copy                                 0x080018cd   Thumb Code    22  at_lib.o(i.mem_copy)
    mem_crc32                                0x080018e3   Thumb Code    32  at_lib.o(i.mem_crc32)
    mem_set                                  0x08001903   Thumb Code    10  at_lib.o(i.mem_set)
    mem_test                                 0x0800190d   Thumb Code    20  at_lib.o(i.mem_test)
    nbns_init                                0x08001921   Thumb Code    32  at_nbns.o(i.nbns_init)
    nrd_u32be                                0x08001aad   Thumb Code    22  at_lib.o(i.nrd_u32be)
    nwr_u32be                                0x08001ac3   Thumb Code    16  at_lib.o(i.nwr_u32be)
    ppp_send_frame                           0x08001ad3   Thumb Code     4  net_config.o(i.ppp_send_frame)
    put_in_queue                             0x08001ad9   Thumb Code    36  at_ethernet.o(i.put_in_queue)
    run_system                               0x08001b29   Thumb Code    22  net_config.o(i.run_system)
    send_frame                               0x08001b91   Thumb Code    76  eth_stm32x.o(i.send_frame)
    slip_send_frame                          0x08001be9   Thumb Code     4  net_config.o(i.slip_send_frame)
    str_up_case                              0x08001bed   Thumb Code    26  at_lib.o(i.str_up_case)
    sys_error                                0x08001c07   Thumb Code     2  net_config.o(i.sys_error)
    tcp_init                                 0x08001c09   Thumb Code    18  at_tcp.o(i.tcp_init)
    tcp_poll_sockets                         0x08001d19   Thumb Code   630  at_tcp.o(i.tcp_poll_sockets)
    tcp_process                              0x080020b5   Thumb Code  1206  at_tcp.o(i.tcp_process)
    udp_callback                             0x080028ad   Thumb Code     4  main.o(i.udp_callback)
    udp_get_buf                              0x080028b1   Thumb Code    32  at_udp.o(i.udp_get_buf)
    udp_get_socket                           0x080028d1   Thumb Code    62  at_udp.o(i.udp_get_socket)
    udp_init                                 0x08002915   Thumb Code    18  at_udp.o(i.udp_init)
    udp_open                                 0x0800292d   Thumb Code    96  at_udp.o(i.udp_open)
    udp_process                              0x080029c1   Thumb Code   178  at_udp.o(i.udp_process)
    udp_send                                 0x08002a79   Thumb Code   280  at_udp.o(i.udp_send)
    nlocalm                                  0x08002bbc   Data          60  net_config.o(.constdata)
    sys_config                               0x08002bf8   Data          16  net_config.o(.constdata)
    arp_config                               0x08002c08   Data          12  net_config.o(.constdata)
    udp_config                               0x08002c14   Data           8  net_config.o(.constdata)
    tcp_config                               0x08002c1c   Data          24  net_config.o(.constdata)
    IP_Broadcast                             0x08002c3a   Data           4  at_ip.o(.constdata)
    MAC_Broadcast                            0x08002c4a   Data           6  at_ethernet.o(.constdata)
    Region$$Table$$Base                      0x08002c50   Number         0  anon$$obj.o(Region$$Table)
    Region$$Table$$Limit                     0x08002c70   Number         0  anon$$obj.o(Region$$Table)
    udp_soc                                  0x20000000   Data           1  main.o(.data)
    lhost_name                               0x20000003   Data          16  net_config.o(.data)
    own_hw_adr                               0x20000013   Data           6  net_config.o(.data)
    localm                                   0x20004698   Data          60  at_system.o(.bss)
    sys_control                              0x200046d4   Data          16  at_system.o(.bss)
    __libspace_start                         0x200046e4   Data          96  libspace.o(.bss)
    __temporary_stack_top$libspace           0x20004744   Data           0  libspace.o(.bss)



==============================================================================

Memory Map of the image

  Image Entry point : 0x08000151

  Load Region LR_IROM1 (Base: 0x08000000, Size: 0x00002ca8, Max: 0x00040000, ABSOLUTE)

    Execution Region ER_IROM1 (Base: 0x08000000, Size: 0x00002c70, Max: 0x00040000, ABSOLUTE)

    Base Addr    Size         Type   Attr      Idx    E Section Name        Object

    0x08000000   0x00000150   Data   RO            3    RESET               startup_stm32f10x_cl.o
    0x08000150   0x00000008   Code   RO          662  * !!!main             c_w.l(__main.o)
    0x08000158   0x00000034   Code   RO          817    !!!scatter          c_w.l(__scatter.o)
    0x0800018c   0x0000001a   Code   RO          819    !!handler_copy      c_w.l(__scatter_copy.o)
    0x080001a6   0x00000002   PAD
    0x080001a8   0x0000001c   Code   RO          821    !!handler_zi        c_w.l(__scatter_zi.o)
    0x080001c4   0x00000002   Code   RO          689    .ARM.Collect$$libinit$$00000000  c_w.l(libinit.o)
    0x080001c6   0x00000000   Code   RO          696    .ARM.Collect$$libinit$$00000002  c_w.l(libinit2.o)
    0x080001c6   0x00000000   Code   RO          698    .ARM.Collect$$libinit$$00000004  c_w.l(libinit2.o)
    0x080001c6   0x00000000   Code   RO          701    .ARM.Collect$$libinit$$0000000A  c_w.l(libinit2.o)
    0x080001c6   0x00000000   Code   RO          703    .ARM.Collect$$libinit$$0000000C  c_w.l(libinit2.o)
    0x080001c6   0x00000000   Code   RO          705    .ARM.Collect$$libinit$$0000000E  c_w.l(libinit2.o)
    0x080001c6   0x00000000   Code   RO          708    .ARM.Collect$$libinit$$00000011  c_w.l(libinit2.o)
    0x080001c6   0x00000000   Code   RO          710    .ARM.Collect$$libinit$$00000013  c_w.l(libinit2.o)
    0x080001c6   0x00000000   Code   RO          712    .ARM.Collect$$libinit$$00000015  c_w.l(libinit2.o)
    0x080001c6   0x00000000   Code   RO          714    .ARM.Collect$$libinit$$00000017  c_w.l(libinit2.o)
    0x080001c6   0x00000000   Code   RO          716    .ARM.Collect$$libinit$$00000019  c_w.l(libinit2.o)
    0x080001c6   0x00000000   Code   RO          718    .ARM.Collect$$libinit$$0000001B  c_w.l(libinit2.o)
    0x080001c6   0x00000000   Code   RO          720    .ARM.Collect$$libinit$$0000001D  c_w.l(libinit2.o)
    0x080001c6   0x00000000   Code   RO          722    .ARM.Collect$$libinit$$0000001F  c_w.l(libinit2.o)
    0x080001c6   0x00000000   Code   RO          724    .ARM.Collect$$libinit$$00000021  c_w.l(libinit2.o)
    0x080001c6   0x00000000   Code   RO          726    .ARM.Collect$$libinit$$00000023  c_w.l(libinit2.o)
    0x080001c6   0x00000000   Code   RO          728    .ARM.Collect$$libinit$$00000025  c_w.l(libinit2.o)
    0x080001c6   0x00000000   Code   RO          732    .ARM.Collect$$libinit$$0000002C  c_w.l(libinit2.o)
    0x080001c6   0x00000000   Code   RO          734    .ARM.Collect$$libinit$$0000002E  c_w.l(libinit2.o)
    0x080001c6   0x00000000   Code   RO          736    .ARM.Collect$$libinit$$00000030  c_w.l(libinit2.o)
    0x080001c6   0x00000000   Code   RO          738    .ARM.Collect$$libinit$$00000032  c_w.l(libinit2.o)
    0x080001c6   0x00000002   Code   RO          739    .ARM.Collect$$libinit$$00000033  c_w.l(libinit2.o)
    0x080001c8   0x00000002   Code   RO          759    .ARM.Collect$$libshutdown$$00000000  c_w.l(libshutdown.o)
    0x080001ca   0x00000000   Code   RO          773    .ARM.Collect$$libshutdown$$00000003  c_w.l(libshutdown2.o)
    0x080001ca   0x00000000   Code   RO          776    .ARM.Collect$$libshutdown$$00000006  c_w.l(libshutdown2.o)
    0x080001ca   0x00000000   Code   RO          779    .ARM.Collect$$libshutdown$$00000009  c_w.l(libshutdown2.o)
    0x080001ca   0x00000000   Code   RO          781    .ARM.Collect$$libshutdown$$0000000B  c_w.l(libshutdown2.o)
    0x080001ca   0x00000000   Code   RO          784    .ARM.Collect$$libshutdown$$0000000E  c_w.l(libshutdown2.o)
    0x080001ca   0x00000002   Code   RO          785    .ARM.Collect$$libshutdown$$0000000F  c_w.l(libshutdown2.o)
    0x080001cc   0x00000000   Code   RO          664    .ARM.Collect$$rtentry$$00000000  c_w.l(__rtentry.o)
    0x080001cc   0x00000000   Code   RO          666    .ARM.Collect$$rtentry$$00000002  c_w.l(__rtentry2.o)
    0x080001cc   0x00000006   Code   RO          678    .ARM.Collect$$rtentry$$00000004  c_w.l(__rtentry4.o)
    0x080001d2   0x00000000   Code   RO          668    .ARM.Collect$$rtentry$$00000009  c_w.l(__rtentry2.o)
    0x080001d2   0x00000004   Code   RO          669    .ARM.Collect$$rtentry$$0000000A  c_w.l(__rtentry2.o)
    0x080001d6   0x00000000   Code   RO          671    .ARM.Collect$$rtentry$$0000000C  c_w.l(__rtentry2.o)
    0x080001d6   0x00000008   Code   RO          672    .ARM.Collect$$rtentry$$0000000D  c_w.l(__rtentry2.o)
    0x080001de   0x00000002   Code   RO          693    .ARM.Collect$$rtexit$$00000000  c_w.l(rtexit.o)
    0x080001e0   0x00000000   Code   RO          741    .ARM.Collect$$rtexit$$00000002  c_w.l(rtexit2.o)
    0x080001e0   0x00000004   Code   RO          742    .ARM.Collect$$rtexit$$00000003  c_w.l(rtexit2.o)
    0x080001e4   0x00000006   Code   RO          743    .ARM.Collect$$rtexit$$00000004  c_w.l(rtexit2.o)
    0x080001ea   0x00000002   PAD
    0x080001ec   0x00000040   Code   RO            4    .text               startup_stm32f10x_cl.o
    0x0800022c   0x00000048   Code   RO          656    .text               c_w.l(strcpy.o)
    0x08000274   0x0000003e   Code   RO          658    .text               c_w.l(strlen.o)
    0x080002b2   0x00000006   Code   RO          660    .text               c_w.l(heapauxi.o)
    0x080002b8   0x0000004a   Code   RO          680    .text               c_w.l(sys_stackheap_outer.o)
    0x08000302   0x0000000c   Code   RO          682    .text               c_w.l(exit.o)
    0x0800030e   0x00000002   PAD
    0x08000310   0x00000008   Code   RO          690    .text               c_w.l(libspace.o)
    0x08000318   0x0000000c   Code   RO          751    .text               c_w.l(sys_exit.o)
    0x08000324   0x00000002   Code   RO          762    .text               c_w.l(use_no_semi.o)
    0x08000326   0x00000000   Code   RO          764    .text               c_w.l(indicate_semi.o)
    0x08000326   0x00000002   PAD
    0x08000328   0x000000a0   Code   RO          194    i.ETH_IRQHandler    eth_stm32x.o
    0x080003c8   0x000000d0   Code   RO           10    i.SetSysClockTo72   system_stm32f10x.o
    0x08000498   0x0000005c   Code   RO           12    i.SystemInit        system_stm32f10x.o
    0x080004f4   0x000000b8   Code   RO          563    i.alloc_mem         TCP_CM3.lib(at_mem.o)
    0x080005ac   0x000000b8   Code   RO          345    i.arp_cache_add     TCP_CM3.lib(at_arp.o)
    0x08000664   0x00000088   Code   RO          346    i.arp_cache_alloc   TCP_CM3.lib(at_arp.o)
    0x080006ec   0x00000098   Code   RO          347    i.arp_cache_early   TCP_CM3.lib(at_arp.o)
    0x08000784   0x000000b4   Code   RO          348    i.arp_cache_find    TCP_CM3.lib(at_arp.o)
    0x08000838   0x000000f4   Code   RO          351    i.arp_cache_update  TCP_CM3.lib(at_arp.o)
    0x0800092c   0x00000030   Code   RO          354    i.arp_init          TCP_CM3.lib(at_arp.o)
    0x0800095c   0x00000034   Code   RO          355    i.arp_is_cacheable  TCP_CM3.lib(at_arp.o)
    0x08000990   0x00000028   Code   RO          356    i.arp_notify        TCP_CM3.lib(at_arp.o)
    0x080009b8   0x00000088   Code   RO          358    i.arp_proc_response  TCP_CM3.lib(at_arp.o)
    0x08000a40   0x0000013c   Code   RO          359    i.arp_process       TCP_CM3.lib(at_arp.o)
    0x08000b7c   0x000000a0   Code   RO          360    i.arp_send_reply    TCP_CM3.lib(at_arp.o)
    0x08000c1c   0x000000b8   Code   RO          361    i.arp_send_request  TCP_CM3.lib(at_arp.o)
    0x08000cd4   0x0000001c   Code   RO          564    i.avail_mem         TCP_CM3.lib(at_mem.o)
    0x08000cf0   0x00000012   Code   RO          601    i.calc_chksum16be   TCP_CM3.lib(at_lib.o)
    0x08000d02   0x00000002   PAD
    0x08000d04   0x00000028   Code   RO          602    i.chksum16_buf      TCP_CM3.lib(at_lib.o)
    0x08000d2c   0x0000000a   Code   RO          603    i.chksum16_val      TCP_CM3.lib(at_lib.o)
    0x08000d36   0x00000018   Code   RO          122    i.delayMs           delay.o
    0x08000d4e   0x00000002   PAD
    0x08000d50   0x00000010   Code   RO          543    i.eth_chk_adr       TCP_CM3.lib(at_ethernet.o)
    0x08000d60   0x00000034   Code   RO          545    i.eth_init_link     TCP_CM3.lib(at_ethernet.o)
    0x08000d94   0x000000d4   Code   RO          546    i.eth_run_link      TCP_CM3.lib(at_ethernet.o)
    0x08000e68   0x000000a8   Code   RO          547    i.eth_send_frame    TCP_CM3.lib(at_ethernet.o)
    0x08000f10   0x00000084   Code   RO          565    i.free_mem          TCP_CM3.lib(at_mem.o)
    0x08000f94   0x00000024   Code   RO          605    i.get_crc32         TCP_CM3.lib(at_lib.o)
    0x08000fb8   0x0000001c   Code   RO          583    i.get_rnd32         TCP_CM3.lib(at_system.o)
    0x08000fd4   0x00000010   Code   RO          410    i.icmp_init         TCP_CM3.lib(at_icmp.o)
    0x08000fe4   0x000000cc   Code   RO          412    i.icmp_process      TCP_CM3.lib(at_icmp.o)
    0x080010b0   0x00000048   Code   RO          413    i.icmp_run_engine   TCP_CM3.lib(at_icmp.o)
    0x080010f8   0x00000070   Code   RO          414    i.icmp_send_message  TCP_CM3.lib(at_icmp.o)
    0x08001168   0x00000038   Code   RO          566    i.ifree_mem         TCP_CM3.lib(at_mem.o)
    0x080011a0   0x00000004   Code   RO          270    i.igmp_is_member    net_config.o
    0x080011a4   0x00000002   Code   RO          271    i.igmp_process      net_config.o
    0x080011a6   0x00000002   PAD
    0x080011a8   0x00000030   Code   RO          584    i.init_TcpNet       TCP_CM3.lib(at_system.o)
    0x080011d8   0x000001d8   Code   RO          195    i.init_ethernet     eth_stm32x.o
    0x080013b0   0x00000060   Code   RO          567    i.init_mem          TCP_CM3.lib(at_mem.o)
    0x08001410   0x00000022   Code   RO          272    i.init_system       net_config.o
    0x08001432   0x0000000e   Code   RO          196    i.int_disable_eth   eth_stm32x.o
    0x08001440   0x0000000e   Code   RO          197    i.int_enable_eth    eth_stm32x.o
    0x0800144e   0x00000002   PAD
    0x08001450   0x000000d4   Code   RO          387    i.ip_chk_frame      TCP_CM3.lib(at_ip.o)
    0x08001524   0x0000000a   Code   RO          388    i.ip_get_chksum     TCP_CM3.lib(at_ip.o)
    0x0800152e   0x00000002   PAD
    0x08001530   0x000000b8   Code   RO          389    i.ip_get_locadr     TCP_CM3.lib(at_ip.o)
    0x080015e8   0x0000000c   Code   RO          390    i.ip_init           TCP_CM3.lib(at_ip.o)
    0x080015f4   0x0000005c   Code   RO          391    i.ip_run_local      TCP_CM3.lib(at_ip.o)
    0x08001650   0x0000014c   Code   RO          392    i.ip_send_frame     TCP_CM3.lib(at_ip.o)
    0x0800179c   0x00000014   Code   RO          606    i.is_subnet         TCP_CM3.lib(at_lib.o)
    0x080017b0   0x00000020   Code   RO          393    i.is_subnet_bcast   TCP_CM3.lib(at_ip.o)
    0x080017d0   0x00000080   Code   RO          160    i.main              main.o
    0x08001850   0x00000064   Code   RO          585    i.main_TcpNet       TCP_CM3.lib(at_system.o)
    0x080018b4   0x00000018   Code   RO          607    i.mem_comp          TCP_CM3.lib(at_lib.o)
    0x080018cc   0x00000016   Code   RO          608    i.mem_copy          TCP_CM3.lib(at_lib.o)
    0x080018e2   0x00000020   Code   RO          609    i.mem_crc32         TCP_CM3.lib(at_lib.o)
    0x08001902   0x0000000a   Code   RO          611    i.mem_set           TCP_CM3.lib(at_lib.o)
    0x0800190c   0x00000014   Code   RO          612    i.mem_test          TCP_CM3.lib(at_lib.o)
    0x08001920   0x00000028   Code   RO          531    i.nbns_init         TCP_CM3.lib(at_nbns.o)
    0x08001948   0x00000164   Code   RO          532    i.nbns_listener     TCP_CM3.lib(at_nbns.o)
    0x08001aac   0x00000016   Code   RO          614    i.nrd_u32be         TCP_CM3.lib(at_lib.o)
    0x08001ac2   0x00000010   Code   RO          616    i.nwr_u32be         TCP_CM3.lib(at_lib.o)
    0x08001ad2   0x00000004   Code   RO          273    i.ppp_send_frame    net_config.o
    0x08001ad6   0x00000002   PAD
    0x08001ad8   0x00000028   Code   RO          548    i.put_in_queue      TCP_CM3.lib(at_ethernet.o)
    0x08001b00   0x00000028   Code   RO          198    i.read_PHY          eth_stm32x.o
    0x08001b28   0x00000016   Code   RO          274    i.run_system        net_config.o
    0x08001b3e   0x00000002   PAD
    0x08001b40   0x00000050   Code   RO          199    i.rx_descr_init     eth_stm32x.o
    0x08001b90   0x00000058   Code   RO          200    i.send_frame        eth_stm32x.o
    0x08001be8   0x00000004   Code   RO          275    i.slip_send_frame   net_config.o
    0x08001bec   0x0000001a   Code   RO          622    i.str_up_case       TCP_CM3.lib(at_lib.o)
    0x08001c06   0x00000002   Code   RO          277    i.sys_error         net_config.o
    0x08001c08   0x00000018   Code   RO          436    i.tcp_init          TCP_CM3.lib(at_tcp.o)
    0x08001c20   0x00000098   Code   RO          439    i.tcp_map_socket    TCP_CM3.lib(at_tcp.o)
    0x08001cb8   0x0000005e   Code   RO          442    i.tcp_parse_opt     TCP_CM3.lib(at_tcp.o)
    0x08001d16   0x00000002   PAD
    0x08001d18   0x00000284   Code   RO          443    i.tcp_poll_sockets  TCP_CM3.lib(at_tcp.o)
    0x08001f9c   0x000000c4   Code   RO          444    i.tcp_proc_acknr    TCP_CM3.lib(at_tcp.o)
    0x08002060   0x00000052   Code   RO          445    i.tcp_proc_dupack   TCP_CM3.lib(at_tcp.o)
    0x080020b2   0x00000002   PAD
    0x080020b4   0x000004c4   Code   RO          446    i.tcp_process       TCP_CM3.lib(at_tcp.o)
    0x08002578   0x0000001a   Code   RO          447    i.tcp_que_free      TCP_CM3.lib(at_tcp.o)
    0x08002592   0x0000001a   Code   RO          448    i.tcp_que_init      TCP_CM3.lib(at_tcp.o)
    0x080025ac   0x00000094   Code   RO          449    i.tcp_que_resend    TCP_CM3.lib(at_tcp.o)
    0x08002640   0x00000066   Code   RO          454    i.tcp_send_ctrl     TCP_CM3.lib(at_tcp.o)
    0x080026a6   0x0000004e   Code   RO          455    i.tcp_send_data     TCP_CM3.lib(at_tcp.o)
    0x080026f4   0x00000068   Code   RO          456    i.tcp_send_reset    TCP_CM3.lib(at_tcp.o)
    0x0800275c   0x00000026   Code   RO          457    i.tcp_set_cwnd      TCP_CM3.lib(at_tcp.o)
    0x08002782   0x00000002   PAD
    0x08002784   0x00000068   Code   RO          458    i.tcp_transit       TCP_CM3.lib(at_tcp.o)
    0x080027ec   0x000000c0   Code   RO          459    i.tcp_write         TCP_CM3.lib(at_tcp.o)
    0x080028ac   0x00000004   Code   RO          161    i.udp_callback      main.o
    0x080028b0   0x00000020   Code   RO          502    i.udp_get_buf       TCP_CM3.lib(at_udp.o)
    0x080028d0   0x00000044   Code   RO          503    i.udp_get_socket    TCP_CM3.lib(at_udp.o)
    0x08002914   0x00000018   Code   RO          504    i.udp_init          TCP_CM3.lib(at_udp.o)
    0x0800292c   0x00000068   Code   RO          507    i.udp_open          TCP_CM3.lib(at_udp.o)
    0x08002994   0x0000002c   Code   RO          508    i.udp_port_in_use   TCP_CM3.lib(at_udp.o)
    0x080029c0   0x000000b8   Code   RO          509    i.udp_process       TCP_CM3.lib(at_udp.o)
    0x08002a78   0x0000011c   Code   RO          511    i.udp_send          TCP_CM3.lib(at_udp.o)
    0x08002b94   0x00000028   Code   RO          201    i.write_PHY         eth_stm32x.o
    0x08002bbc   0x0000003c   Data   RO          282    .constdata          net_config.o
    0x08002bf8   0x00000010   Data   RO          283    .constdata          net_config.o
    0x08002c08   0x0000000c   Data   RO          284    .constdata          net_config.o
    0x08002c14   0x00000008   Data   RO          285    .constdata          net_config.o
    0x08002c1c   0x00000018   Data   RO          286    .constdata          net_config.o
    0x08002c34   0x00000006   Data   RO          362    .constdata          TCP_CM3.lib(at_arp.o)
    0x08002c3a   0x00000008   Data   RO          394    .constdata          TCP_CM3.lib(at_ip.o)
    0x08002c42   0x00000008   Data   RO          533    .constdata          TCP_CM3.lib(at_nbns.o)
    0x08002c4a   0x00000006   Data   RO          550    .constdata          TCP_CM3.lib(at_ethernet.o)
    0x08002c50   0x00000020   Data   RO          816    Region$$Table       anon$$obj.o


    Execution Region RW_IRAM1 (Base: 0x20000000, Size: 0x00004d48, Max: 0x00010000, ABSOLUTE)

    Base Addr    Size         Type   Attr      Idx    E Section Name        Object

    0x20000000   0x00000001   Data   RW          162    .data               main.o
    0x20000001   0x00000002   Data   RW          203    .data               eth_stm32x.o
    0x20000003   0x00000010   Data   RW          287    .data               net_config.o
    0x20000013   0x00000006   Data   RW          288    .data               net_config.o
    0x20000019   0x00000003   PAD
    0x2000001c   0x00000008   Data   RW          363    .data               TCP_CM3.lib(at_arp.o)
    0x20000024   0x0000000c   Data   RW          395    .data               TCP_CM3.lib(at_ip.o)
    0x20000030   0x00000004   Data   RW          460    .data               TCP_CM3.lib(at_tcp.o)
    0x20000034   0x00000002   Data   RW          512    .data               TCP_CM3.lib(at_udp.o)
    0x20000036   0x00000001   Data   RW          534    .data               TCP_CM3.lib(at_nbns.o)
    0x20000037   0x00000001   PAD
    0x20000038   0x00002460   Zero   RW          202    .bss                eth_stm32x.o
    0x20002498   0x00001f40   Zero   RW          278    .bss                net_config.o
    0x200043d8   0x0000008c   Zero   RW          279    .bss                net_config.o
    0x20004464   0x0000003c   Zero   RW          280    .bss                net_config.o
    0x200044a0   0x00000154   Zero   RW          281    .bss                net_config.o
    0x200045f4   0x00000010   Zero   RW          415    .bss                TCP_CM3.lib(at_icmp.o)
    0x20004604   0x00000084   Zero   RW          549    .bss                TCP_CM3.lib(at_ethernet.o)
    0x20004688   0x00000010   Zero   RW          569    .bss                TCP_CM3.lib(at_mem.o)
    0x20004698   0x0000004c   Zero   RW          587    .bss                TCP_CM3.lib(at_system.o)
    0x200046e4   0x00000060   Zero   RW          691    .bss                c_w.l(libspace.o)
    0x20004744   0x00000004   PAD
    0x20004748   0x00000200   Zero   RW            2    HEAP                startup_stm32f10x_cl.o
    0x20004948   0x00000400   Zero   RW            1    STACK               startup_stm32f10x_cl.o


==============================================================================

Image component sizes


      Code (inc. data)   RO Data    RW Data    ZI Data      Debug   Object Name

        24          0          0          0          0        482   delay.o
       908        118          0          2       9312      24562   eth_stm32x.o
       132         30          0          1          0       8896   main.o
        72          0        120         22       8540       4246   net_config.o
        64         26        336          0       1536        916   startup_stm32f10x_cl.o
       300         34          0          0          0       6273   system_stm32f10x.o

    ----------------------------------------------------------------------
      1510        208        488         28      19388      45375   Object Totals
         0          0         32          0          0          0   (incl. Generated)
        10          0          0          3          0          0   (incl. Padding)

    ----------------------------------------------------------------------

      Code (inc. data)   RO Data    RW Data    ZI Data      Debug   Library Member Name

      1832        138          6          8          0       1040   at_arp.o
       488         58          6          0        132        404   at_ethernet.o
       404         30          0          0         16        308   at_icmp.o
       874         62          8         12          0        588   at_ip.o
       296          4          0          0          0        928   at_lib.o
       496         40          0          0         16        412   at_mem.o
       396         26          8          1          0        184   at_nbns.o
       176         34          0          0         76        224   at_system.o
      3230         92          0          4          0       1396   at_tcp.o
       740         34          0          2          0        556   at_udp.o
         8          0          0          0          0         68   __main.o
         0          0          0          0          0          0   __rtentry.o
        12          0          0          0          0          0   __rtentry2.o
         6          0          0          0          0          0   __rtentry4.o
        52          8          0          0          0          0   __scatter.o
        26          0          0          0          0          0   __scatter_copy.o
        28          0          0          0          0          0   __scatter_zi.o
        12          0          0          0          0         72   exit.o
         6          0          0          0          0        152   heapauxi.o
         0          0          0          0          0          0   indicate_semi.o
         2          0          0          0          0          0   libinit.o
         2          0          0          0          0          0   libinit2.o
         2          0          0          0          0          0   libshutdown.o
         2          0          0          0          0          0   libshutdown2.o
         8          4          0          0         96         68   libspace.o
         2          0          0          0          0          0   rtexit.o
        10          0          0          0          0          0   rtexit2.o
        72          0          0          0          0         80   strcpy.o
        62          0          0          0          0         76   strlen.o
        12          4          0          0          0         68   sys_exit.o
        74          0          0          0          0         80   sys_stackheap_outer.o
         2          0          0          0          0         68   use_no_semi.o

    ----------------------------------------------------------------------
      9350        534         28         28        340       6772   Library Totals
        18          0          0          1          4          0   (incl. Padding)

    ----------------------------------------------------------------------

      Code (inc. data)   RO Data    RW Data    ZI Data      Debug   Library Name

      8932        518         28         27        240       6040   TCP_CM3.lib
       400         16          0          0         96        732   c_w.l

    ----------------------------------------------------------------------
      9350        534         28         28        340       6772   Library Totals

    ----------------------------------------------------------------------

==============================================================================


      Code (inc. data)   RO Data    RW Data    ZI Data      Debug   

     10860        742        516         56      19728      47255   Grand Totals
     10860        742        516         56      19728      47255   ELF Image Totals
     10860        742        516         56          0          0   ROM Totals

==============================================================================

    Total RO  Size (Code + RO Data)                11376 (  11.11kB)
    Total RW  Size (RW Data + ZI Data)             19784 (  19.32kB)
    Total ROM Size (Code + RO Data + RW Data)      11432 (  11.16kB)

==============================================================================

